[gramziu.pl/phpBB/index50ba.html]
[backblue.gif]
[fade.gif]
[index.html]
[gramziu.pl/phpBB/feed.php]
[gramziu.pl/phpBB/styles/anami/theme/images/apple-touch-icon-precomposed.gif]
[gramziu.pl/phpBB/styles/anami/theme/images/favicon.gif]
[gramziu.pl/phpBB/feed9d17.php]
[gramziu.pl/phpBB/styles/anami/theme/images/favicon.ico]
[maxcdn.bootstrapcdn.com/font-awesome/4.4.0/css/font-awesome.min.css]
[gramziu.pl/phpBB/styles/anami/theme/colours6148.css]
[gramziu.pl/phpBB/styles/anami/theme/stylesheet6148.css]
[www.google-analytics.com/analytics.js]
[gramziu.pl/phpBB/indexe360.html]
[gramziu.pl/phpBB/ucpfe73.html]
[gramziu.pl/phpBB/faqe360.html]
[gramziu.pl/phpBB/ucpfebe.html]
[gramziu.pl/phpBB/searche360.html]
[gramziu.pl/phpBB/searcha9ee.html]
[gramziu.pl/phpBB/search1271.html]
[gramziu.pl/phpBB/styles/anami/theme/images/rate_it.jpg]
[gramziu.pl/phpBB/ucpde45.html]
[gramziu.pl/phpBB/index0563.html]
[gramziu.pl/phpBB/viewforum227f.html]
[gramziu.pl/phpBB/viewforumc1d5.html]
[gramziu.pl/phpBB/viewtopicbf6e.html]
[gramziu.pl/phpBB/memberlist8582.html]
[gramziu.pl/phpBB/viewforum87f5.html]
[gramziu.pl/phpBB/memberlist3a06.html]
[gramziu.pl/phpBB/viewtopica167.html]
[gramziu.pl/phpBB/viewforum4a1a.html]
[gramziu.pl/phpBB/viewforum97de.html]
[gramziu.pl/phpBB/memberliste63a.html]
[gramziu.pl/phpBB/viewforum9491.html]
[gramziu.pl/phpBB/viewtopicb111.html]
[gramziu.pl/phpBB/memberlist23a2.html]
[gramziu.pl/phpBB/viewforum8c31.html]
[gramziu.pl/phpBB/viewtopic3f8b.html]
[gramziu.pl/phpBB/memberlist473d.html]
[gramziu.pl/phpBB/viewforum6ab1.html]
[gramziu.pl/phpBB/viewforum4f26.html]
[gramziu.pl/phpBB/viewtopic055f.html]
[gramziu.pl/phpBB/memberlist1b4f.html]
[gramziu.pl/phpBB/viewforum58a0.html]
[gramziu.pl/phpBB/viewforumce6a.html]
[gramziu.pl/phpBB/viewforumc18c.html]
[gramziu.pl/phpBB/viewtopic19cd.html]
[gramziu.pl/phpBB/memberlistf0c9.html]
[gramziu.pl/phpBB/viewforum6cab.html]
[gramziu.pl/phpBB/viewtopic4c69.html]
[gramziu.pl/phpBB/viewforumd7af.html]
[gramziu.pl/phpBB/viewtopic6d2f.html]
[gramziu.pl/phpBB/memberlistd84f.html]
[gramziu.pl/phpBB/memberlistf010.html]
[gramziu.pl/phpBB/memberlist20bd.html]
[gramziu.pl/phpBB/memberlist78c0.html]
[gramziu.pl/phpBB/memberlist4d5f.html]
[gramziu.pl/phpBB/ucpc0b7.html]
[gramziu.pl/phpBB/memberliste118.html]
[ajax.googleapis.com/ajax/libs/jquery/1.11.0/jquery.min.js]
[gramziu.pl/phpBB/memberlist87dd.html]
[gramziu.pl/phpBB/assets/javascript/core6148.js]
[gramziu.pl/phpBB/styles/anami/template/forum_fn6148.js]
[gramziu.pl/phpBB/index50ba.html]
[maxcdn.bootstrapcdn.com/font-awesome/4.4.0/css/font-awesome.min.css]
[gramziu.pl/phpBB/assets/javascript/jquery.min6148.js]
[gramziu.pl/phpBB/styles/anami/theme/images/site_logo.svg]
[gramziu.pl/phpBB/styles/anami/theme/chosen-sprite.png]
[gramziu.pl/phpBB/styles/anami/theme/chosen-sprite@2x.png]
[gramziu.pl/phpBB/styles/anami/theme/stylesheet6148.css]
[gramziu.pl/phpBB/styles/anami/theme/images/icon_back_top.gif]
[gramziu.pl/phpBB/styles/anami/theme/colours6148.css]
[gramziu.pl/phpBB/index50ba-2.html]
[gramziu.pl/phpBB/ucp19e8.html]
[gramziu.pl/phpBB/ucpd0e5.html]
[gramziu.pl/phpBB/search50ba.html]
[gramziu.pl/phpBB/search279c.html]
[gramziu.pl/phpBB/search75b7.html]
[gramziu.pl/phpBB/ucpb467.html]
[gramziu.pl/phpBB/indexfc5a.html]
[gramziu.pl/phpBB/viewforumc907.html]
[gramziu.pl/phpBB/viewforum3852.html]
[gramziu.pl/phpBB/viewtopic15d9.html]
[gramziu.pl/phpBB/memberlist8ea4.html]
[gramziu.pl/phpBB/viewforumee84.html]
[gramziu.pl/phpBB/viewtopic1bf9.html]
[gramziu.pl/phpBB/memberlist4c4e.html]
[gramziu.pl/phpBB/viewforum4b43.html]
[gramziu.pl/phpBB/viewforum7f7e.html]
[gramziu.pl/phpBB/viewtopicf2c3.html]
[gramziu.pl/phpBB/memberliste966.html]
[gramziu.pl/phpBB/viewforumf334.html]
[gramziu.pl/phpBB/viewtopic8256.html]
[gramziu.pl/phpBB/memberlistae90.html]
[gramziu.pl/phpBB/viewforum41d6.html]
[gramziu.pl/phpBB/viewtopicfd16.html]
[gramziu.pl/phpBB/memberlist5c5a.html]
[gramziu.pl/phpBB/viewforum7851.html]
[gramziu.pl/phpBB/viewforum508a.html]
[gramziu.pl/phpBB/viewtopic55da.html]
[gramziu.pl/phpBB/memberlist36bb.html]
[gramziu.pl/phpBB/viewforum80da.html]
[gramziu.pl/phpBB/viewforum7d9c.html]
[gramziu.pl/phpBB/viewforum1c6e.html]
[gramziu.pl/phpBB/viewtopic8d04.html]
[gramziu.pl/phpBB/memberlistfc75.html]
[gramziu.pl/phpBB/viewforum6eff.html]
[gramziu.pl/phpBB/viewtopicd049.html]
[gramziu.pl/phpBB/viewforumf611.html]
[gramziu.pl/phpBB/viewtopic0fe9.html]
[gramziu.pl/phpBB/memberliste233.html]
[gramziu.pl/phpBB/memberlist7044.html]
[gramziu.pl/phpBB/memberlistba79.html]
[gramziu.pl/phpBB/memberlist4292.html]
[gramziu.pl/phpBB/memberlist5027.html]
[gramziu.pl/phpBB/ucpab51.html]
[gramziu.pl/phpBB/memberlist3c93.html]
[gramziu.pl/phpBB/indexe360.html]
[gramziu.pl/phpBB/memberlistddc7.html]
[gramziu.pl/phpBB/faqe360.html]
[gramziu.pl/phpBB/viewforum5d62.html]
[gramziu.pl/phpBB/ucp3464.html]
[gramziu.pl/phpBB/ucpfe73.html]
[gramziu.pl/phpBB/ucpfebe.html]
[gramziu.pl/phpBB/searche360.html]
[gramziu.pl/phpBB/ucpa0ed.html]
[gramziu.pl/phpBB/download/file4bac.png]
[gramziu.pl/phpBB/viewtopic243d.html]
[gramziu.pl/phpBB/viewtopic2a1a.html]
[gramziu.pl/phpBB/viewtopicc648.html]
[gramziu.pl/phpBB/viewtopicf174.html]
[gramziu.pl/phpBB/viewtopicbb30.html]
[gramziu.pl/phpBB/viewtopic69bf.html]
[gramziu.pl/phpBB/viewtopicbe66.html]
[gramziu.pl/phpBB/viewtopiceaeb.html]
[gramziu.pl/phpBB/viewtopica7a3.html]
[gramziu.pl/phpBB/viewtopiccb15.html]
[gramziu.pl/phpBB/viewtopica860.html]
[gramziu.pl/phpBB/viewtopic965a.html]
[gramziu.pl/phpBB/searcha9ee.html]
[gramziu.pl/phpBB/search1271.html]
[gramziu.pl/phpBB/ucpde45.html]
[gramziu.pl/phpBB/index748b.html]
[gramziu.pl/phpBB/index0563.html]
[gramziu.pl/phpBB/viewtopic642c.html]
[gramziu.pl/phpBB/viewtopicaefc.html]
[gramziu.pl/phpBB/viewtopica0ec.html]
[gramziu.pl/phpBB/viewtopic067d.html]
[gramziu.pl/phpBB/viewtopic53c2.html]
[gramziu.pl/phpBB/download/file210c.jpg]
[gramziu.pl/phpBB/viewtopicf98d.html]
[gramziu.pl/phpBB/viewtopic0ca3.html]
[gramziu.pl/phpBB/viewforum227f.html]
[gramziu.pl/phpBB/feed12a3.php]
[gramziu.pl/phpBB/postingf3d5.html]
[gramziu.pl/phpBB/viewforumc1d5.html]
[gramziu.pl/phpBB/feedcf1b.php]
[gramziu.pl/phpBB/viewtopic1a73.html]
[gramziu.pl/phpBB/postinga6bb.html]
[gramziu.pl/phpBB/viewtopicb8b9.html]
[gramziu.pl/phpBB/search6f75.html]
[gramziu.pl/phpBB/postingf109.html]
[gramziu.pl/phpBB/viewtopic0a4d.html]
[gramziu.pl/phpBB/viewtopicbf6e.html]
[gramziu.pl/phpBB/memberlist8582.html]
[gramziu.pl/phpBB/feed4d6b.php]
[gramziu.pl/phpBB/posting4099.html]
[gramziu.pl/phpBB/viewforum87f5.html]
[gramziu.pl/phpBB/feeda812.php]
[gramziu.pl/phpBB/viewtopic5bbe.html]
[gramziu.pl/phpBB/posting81f6.html]
[gramziu.pl/phpBB/posting2b21.html]
[gramziu.pl/phpBB/viewtopic0ae9.html]
[gramziu.pl/phpBB/postinga35d.html]
[gramziu.pl/phpBB/viewtopic8c61.html]
[gramziu.pl/phpBB/postingac07.html]
[gramziu.pl/phpBB/viewtopic2249.html]
[gramziu.pl/phpBB/posting0494.html]
[gramziu.pl/phpBB/viewtopic873e.html]
[gramziu.pl/phpBB/posting9652.html]
[gramziu.pl/phpBB/viewtopic8618.html]
[gramziu.pl/phpBB/postingbb3c.html]
[gramziu.pl/phpBB/viewtopicb2b5.html]
[gramziu.pl/phpBB/posting7bc6.html]
[gramziu.pl/phpBB/viewtopicb25b.html]
[gramziu.pl/phpBB/posting350f.html]
[gramziu.pl/phpBB/viewtopic7d14.html]
[gramziu.pl/phpBB/searchf35d.html]
[gramziu.pl/phpBB/posting5888.html]
[gramziu.pl/phpBB/viewtopica167.html]
[gramziu.pl/phpBB/memberlist3a06.html]
[gramziu.pl/phpBB/viewtopic73df.html]
[gramziu.pl/phpBB/viewtopicb432.html]
[gramziu.pl/phpBB/download/file8d38.jpg]
[gramziu.pl/phpBB/viewtopic3063.html]
[gramziu.pl/phpBB/viewtopic5c3e.html]
[gramziu.pl/phpBB/viewtopic03cc.html]
[gramziu.pl/phpBB/download/file823c.jpg]
[gramziu.pl/phpBB/viewtopic0c9d.html]
[gramziu.pl/phpBB/download/file07e4.jpg]
[gramziu.pl/phpBB/viewtopic2170.html]
[gramziu.pl/phpBB/viewforum4a1a.html]
[gramziu.pl/phpBB/feedd42b.php]
[gramziu.pl/phpBB/posting58a8.html]
[gramziu.pl/phpBB/viewforum97de.html]
[gramziu.pl/phpBB/memberliste63a.html]
[gramziu.pl/phpBB/feed957d.php]
[gramziu.pl/phpBB/viewtopic3aff.php]
[gramziu.pl/phpBB/posting0457.html]
[gramziu.pl/phpBB/viewforum9491.html]
[gramziu.pl/phpBB/feed5e40.php]
[gramziu.pl/phpBB/viewtopic9de5.html]
[gramziu.pl/phpBB/posting7c44.html]
[gramziu.pl/phpBB/viewtopic11f4.html]
[gramziu.pl/phpBB/posting9ba5.html]
[gramziu.pl/phpBB/viewtopic0125.html]
[gramziu.pl/phpBB/search1c8c.html]
[gramziu.pl/phpBB/posting7c55.html]
[gramziu.pl/phpBB/viewtopic62de.html]
[gramziu.pl/phpBB/viewtopicb111.html]
[gramziu.pl/phpBB/memberlist23a2.html]
[gramziu.pl/phpBB/feedfdc5.php]
[gramziu.pl/phpBB/posting6c48.html]
[gramziu.pl/phpBB/viewforum8c31.html]
[gramziu.pl/phpBB/feedcb92.php]
[gramziu.pl/phpBB/viewtopicc512.html]
[gramziu.pl/phpBB/posting6886.html]
[gramziu.pl/phpBB/viewtopiccbec.html]
[gramziu.pl/phpBB/viewtopicf075.html]
[gramziu.pl/phpBB/search8f3e.html]
[gramziu.pl/phpBB/postingc174.html]
[gramziu.pl/phpBB/posting8819.html]
[gramziu.pl/phpBB/viewtopicb184.html]
[gramziu.pl/phpBB/viewtopic3f8b.html]
[gramziu.pl/phpBB/memberlist473d.html]
[gramziu.pl/phpBB/viewtopic5c48.html]
[gramziu.pl/phpBB/viewtopic7381.html]
[gramziu.pl/phpBB/download/file75f2.jpg]
[gramziu.pl/phpBB/viewtopic6864.html]
[gramziu.pl/phpBB/download/file400c.jpg]
[gramziu.pl/phpBB/viewtopic4ec7.html]
[gramziu.pl/phpBB/viewtopic0c90.html]
[gramziu.pl/phpBB/viewtopic936a.html]
[gramziu.pl/phpBB/viewtopic27b2.html]
[gramziu.pl/phpBB/download/file9d22.jpg]
[gramziu.pl/phpBB/viewtopic39ff.html]
[gramziu.pl/phpBB/viewforum6ab1.html]
[gramziu.pl/phpBB/feed8a83.php]
[gramziu.pl/phpBB/posting6893.html]
[gramziu.pl/phpBB/viewforum4f26.html]
[gramziu.pl/phpBB/feed8306.php]
[gramziu.pl/phpBB/viewtopicd74d.html]
[gramziu.pl/phpBB/posting6994.html]
[gramziu.pl/phpBB/viewtopicf581.html]
[gramziu.pl/phpBB/posting572b.html]
[gramziu.pl/phpBB/viewtopicec54.html]
[gramziu.pl/phpBB/search3266.html]
[gramziu.pl/phpBB/postinga8b4.html]
[gramziu.pl/phpBB/viewtopic6fd0.html]
[gramziu.pl/phpBB/viewtopic055f.html]
[gramziu.pl/phpBB/memberlist1b4f.html]
[gramziu.pl/phpBB/feed01c9.php]
[gramziu.pl/phpBB/posting777e.html]
[gramziu.pl/phpBB/viewforum58a0.html]
[gramziu.pl/phpBB/feedeb13.php]
[gramziu.pl/phpBB/posting0d34.html]
[gramziu.pl/phpBB/viewforumce6a.html]
[gramziu.pl/phpBB/feed9780.php]
[gramziu.pl/phpBB/posting4e63.html]
[gramziu.pl/phpBB/viewforumc18c.html]
[gramziu.pl/phpBB/feed53b9.php]
[gramziu.pl/phpBB/viewtopicd1ad.html]
[gramziu.pl/phpBB/posting60d0.html]
[gramziu.pl/phpBB/viewtopic367f.html]
[gramziu.pl/phpBB/posting8759.html]
[gramziu.pl/phpBB/viewtopicf8c3.html]
[gramziu.pl/phpBB/searchd59b.html]
[gramziu.pl/phpBB/posting9dc2.html]
[gramziu.pl/phpBB/viewtopice2f3.html]
[gramziu.pl/phpBB/viewtopic19cd.html]
[gramziu.pl/phpBB/memberlistf0c9.html]
[gramziu.pl/phpBB/feedf2fa.php]
[gramziu.pl/phpBB/postingad65.html]
[gramziu.pl/phpBB/viewforum6cab.html]
[gramziu.pl/phpBB/feed4a8d.php]
[gramziu.pl/phpBB/viewtopica92f.html]
[gramziu.pl/phpBB/posting65f1.html]
[gramziu.pl/phpBB/viewtopicfb10.html]
[gramziu.pl/phpBB/posting2993.html]
[gramziu.pl/phpBB/viewtopice327.html]
[gramziu.pl/phpBB/posting0dc7.html]
[gramziu.pl/phpBB/viewtopic1d69.html]
[gramziu.pl/phpBB/viewtopic4c69.html]
[gramziu.pl/phpBB/feed48ab.php]
[gramziu.pl/phpBB/postingeb6d.html]
[gramziu.pl/phpBB/viewforumd7af.html]
[gramziu.pl/phpBB/feedc524.php]
[gramziu.pl/phpBB/viewtopic839c.html]
[gramziu.pl/phpBB/posting08b6.html]
[gramziu.pl/phpBB/viewtopic9c30.html]
[gramziu.pl/phpBB/posting082a.html]
[gramziu.pl/phpBB/viewtopic99d9.html]
[gramziu.pl/phpBB/search091e.html]
[gramziu.pl/phpBB/posting2af7.html]
[gramziu.pl/phpBB/viewtopic723c.html]
[gramziu.pl/phpBB/viewtopic6d2f.html]
[gramziu.pl/phpBB/memberlistd84f.html]
[gramziu.pl/phpBB/memberlistf010.html]
[gramziu.pl/phpBB/memberlist20bd.html]
[gramziu.pl/phpBB/memberlist78c0.html]
[gramziu.pl/phpBB/memberlist4d5f.html]
[gramziu.pl/phpBB/ucpc0b7.html]
[gramziu.pl/phpBB/memberliste118.html]
[gramziu.pl/phpBB/memberlist87dd.html]
[gramziu.pl/phpBB/styles/anami/theme/images/site_logo.svg]
[gramziu.pl/phpBB/styles/anami/theme/chosen-sprite.html]
[gramziu.pl/phpBB/styles/anami/theme/chosen-sprite@2x.html]
[gramziu.pl/phpBB/styles/anami/theme/images/icon_back_top.html]
[gramziu.pl/phpBB/styles/anami/template/ajax6148.js]
[gramziu.pl/phpBB/styles/anami/template/chosen.jquery.min6148.js]
[gramziu.pl/phpBB/index50ba-2.html]
[gramziu.pl/phpBB/ucp19e8.html]
[gramziu.pl/phpBB/ucpd0e5.html]
[gramziu.pl/phpBB/search50ba.html]
[gramziu.pl/phpBB/search279c.html]
[gramziu.pl/phpBB/search75b7.html]
[gramziu.pl/phpBB/ucpb467.html]
[gramziu.pl/phpBB/indexfc5a.html]
[gramziu.pl/phpBB/viewforumc907.html]
[gramziu.pl/phpBB/viewforum3852.html]
[gramziu.pl/phpBB/viewtopic15d9.html]
[gramziu.pl/phpBB/memberlist8ea4.html]
[gramziu.pl/phpBB/viewforumee84.html]
[gramziu.pl/phpBB/viewtopic1bf9.html]
[gramziu.pl/phpBB/memberlist4c4e.html]
[gramziu.pl/phpBB/viewforum4b43.html]
[gramziu.pl/phpBB/viewforum7f7e.html]
[gramziu.pl/phpBB/feedd0e0.php]
[gramziu.pl/phpBB/faq50ba.php]
[gramziu.pl/phpBB/viewtopic909f.html]
[gramziu.pl/phpBB/posting699f.html]
[gramziu.pl/phpBB/viewtopic13dd.html]
[gramziu.pl/phpBB/posting5921.html]
[gramziu.pl/phpBB/viewtopicb1f6.html]
[gramziu.pl/phpBB/search8a3d.html]
[gramziu.pl/phpBB/posting1d59.html]
[gramziu.pl/phpBB/viewtopicf2c3.html]
[gramziu.pl/phpBB/memberliste966.html]
[gramziu.pl/phpBB/viewforumf334.html]
[gramziu.pl/phpBB/viewtopic8256.html]
[gramziu.pl/phpBB/memberlistae90.html]
[gramziu.pl/phpBB/viewforum41d6.html]
[gramziu.pl/phpBB/viewtopicfd16.html]
[gramziu.pl/phpBB/memberlist5c5a.html]
[gramziu.pl/phpBB/viewforum7851.html]
[gramziu.pl/phpBB/viewforum508a.html]
[gramziu.pl/phpBB/viewtopic55da.html]
[gramziu.pl/phpBB/memberlist36bb.html]
[gramziu.pl/phpBB/viewforum80da.html]
[gramziu.pl/phpBB/viewforum7d9c.html]
[gramziu.pl/phpBB/viewforum1c6e.html]
[gramziu.pl/phpBB/viewtopic8d04.html]
[gramziu.pl/phpBB/memberlistfc75.html]
[gramziu.pl/phpBB/viewforum6eff.html]
[gramziu.pl/phpBB/viewtopicd049.html]
[gramziu.pl/phpBB/viewforumf611.html]
[gramziu.pl/phpBB/viewtopic0fe9.html]
[gramziu.pl/phpBB/memberliste233.html]
[gramziu.pl/phpBB/memberlist7044.html]
[gramziu.pl/phpBB/memberlistba79.html]
[gramziu.pl/phpBB/memberlist4292.html]
[gramziu.pl/phpBB/memberlist5027.html]
[gramziu.pl/phpBB/ucpab51.html]
[gramziu.pl/phpBB/memberlist3c93.html]
[gramziu.pl/phpBB/memberlistddc7.html]
[gramziu.pl/phpBB/viewforum5d62.html]
[gramziu.pl/phpBB/ucp3464.html]
[gramziu.pl/phpBB/ucpa0ed.html]
[gramziu.pl/phpBB/viewtopicec94.html]
[gramziu.pl/phpBB/feed159f.php]
[gramziu.pl/phpBB/viewtopic9398.html]
[gramziu.pl/phpBB/postingbacc.html]
[gramziu.pl/phpBB/viewtopic8c5f.html]
[gramziu.pl/phpBB/viewtopic243d.html]
[gramziu.pl/phpBB/viewtopic2a1a.html]
[gramziu.pl/phpBB/viewtopic5cf5.html]
[gramziu.pl/phpBB/feedb3a8.php]
[gramziu.pl/phpBB/viewtopicfc99.html]
[gramziu.pl/phpBB/posting6311.html]
[gramziu.pl/phpBB/viewtopica982.html]
[gramziu.pl/phpBB/posting8980.html]
[gramziu.pl/phpBB/viewtopicc648.html]
[gramziu.pl/phpBB/viewtopicf174.html]
[gramziu.pl/phpBB/viewtopic765f.html]
[gramziu.pl/phpBB/feedfd9b.php]
[gramziu.pl/phpBB/viewtopic4c2d.html]
[gramziu.pl/phpBB/posting47ae.html]
[gramziu.pl/phpBB/viewtopic49dd.html]
[gramziu.pl/phpBB/postingd6f3.html]
[gramziu.pl/phpBB/viewtopicbb30.html]
[gramziu.pl/phpBB/viewtopic69bf.html]
[gramziu.pl/phpBB/viewtopicdc7f.html]
[gramziu.pl/phpBB/feeda6b7.php]
[gramziu.pl/phpBB/viewtopic9023.html]
[gramziu.pl/phpBB/postinge03c.html]
[gramziu.pl/phpBB/viewtopic144f.html]
[gramziu.pl/phpBB/postingd420.html]
[gramziu.pl/phpBB/viewtopicbe66.html]
[gramziu.pl/phpBB/viewtopiceaeb.html]
[gramziu.pl/phpBB/viewtopica7a3.html]
[gramziu.pl/phpBB/viewtopiccb15.html]
[gramziu.pl/phpBB/viewtopicb1d3.html]
[gramziu.pl/phpBB/feed8112.php]
[gramziu.pl/phpBB/viewtopic68c9.html]
[gramziu.pl/phpBB/posting2933.html]
[gramziu.pl/phpBB/viewtopic577d.html]
[gramziu.pl/phpBB/posting03bd.html]
[gramziu.pl/phpBB/viewtopica860.html]
[gramziu.pl/phpBB/viewtopic965a.html]
[gramziu.pl/phpBB/viewtopicb1f3.html]
[gramziu.pl/phpBB/index748b.html]
[gramziu.pl/phpBB/index9057.html]
[gramziu.pl/phpBB/viewtopicd390.html]
[gramziu.pl/phpBB/viewtopic6606.html]
[gramziu.pl/phpBB/posting4ac3.html]
[gramziu.pl/phpBB/viewtopic2648.html]
[gramziu.pl/phpBB/posting60b0.html]
[gramziu.pl/phpBB/viewtopic10c2.html]
[gramziu.pl/phpBB/postingea05.html]
[gramziu.pl/phpBB/viewtopic57a8.html]
[gramziu.pl/phpBB/posting2fa6.html]
[gramziu.pl/phpBB/viewtopic97e9.html]
[gramziu.pl/phpBB/posting488a.html]
[gramziu.pl/phpBB/viewtopic1009.html]
[gramziu.pl/phpBB/posting1727.html]
[gramziu.pl/phpBB/viewtopic49c7.html]
[gramziu.pl/phpBB/posting8fe2.html]
[gramziu.pl/phpBB/viewtopic62a7.html]
[gramziu.pl/phpBB/posting4774.html]
[gramziu.pl/phpBB/viewtopic0565.html]
[gramziu.pl/phpBB/posting6cf1.html]
[gramziu.pl/phpBB/viewtopicc02a.html]
[gramziu.pl/phpBB/postingc878.html]
[gramziu.pl/phpBB/viewtopica0ec.html]
[gramziu.pl/phpBB/viewtopicb760.html]
[gramziu.pl/phpBB/viewtopice042.html]
[gramziu.pl/phpBB/viewtopic7fff.html]
[gramziu.pl/phpBB/posting0c09.html]
[gramziu.pl/phpBB/viewtopicb77b.html]
[gramziu.pl/phpBB/viewtopicd40d.html]
[gramziu.pl/phpBB/posting3545.html]
[gramziu.pl/phpBB/viewtopic085a.html]
[gramziu.pl/phpBB/posting8233.html]
[gramziu.pl/phpBB/viewtopic2ad3.html]
[gramziu.pl/phpBB/posting152b.html]
[gramziu.pl/phpBB/viewtopica551.html]
[gramziu.pl/phpBB/posting2303.html]
[gramziu.pl/phpBB/viewtopic2bb9.html]
[gramziu.pl/phpBB/posting3d9d.html]
[gramziu.pl/phpBB/viewtopicde49.html]
[gramziu.pl/phpBB/posting804a.html]
[gramziu.pl/phpBB/viewtopic9e57.html]
[gramziu.pl/phpBB/postingacfd.html]
[gramziu.pl/phpBB/viewtopic2d3f.html]
[gramziu.pl/phpBB/viewtopic642c.html]
[gramziu.pl/phpBB/posting2437.html]
[gramziu.pl/phpBB/viewtopic3535.html]
[gramziu.pl/phpBB/viewtopic1163.html]
[gramziu.pl/phpBB/viewtopic8122.html]
[gramziu.pl/phpBB/postingb87d.html]
[gramziu.pl/phpBB/viewtopic457a.html]
[gramziu.pl/phpBB/postinga7f9.html]
[gramziu.pl/phpBB/viewtopicc46d.html]
[gramziu.pl/phpBB/postingdf5f.html]
[gramziu.pl/phpBB/viewtopic8616.html]
[gramziu.pl/phpBB/posting5712.html]
[gramziu.pl/phpBB/viewtopicdbcd.html]
[gramziu.pl/phpBB/posting4531.html]
[gramziu.pl/phpBB/viewtopic8abe.html]
[gramziu.pl/phpBB/posting888e.html]
[gramziu.pl/phpBB/viewtopica9e2.html]
[gramziu.pl/phpBB/posting4890.html]
[gramziu.pl/phpBB/viewtopic471c.html]
[gramziu.pl/phpBB/posting4e08.html]
[gramziu.pl/phpBB/viewtopic3cf7.html]
[gramziu.pl/phpBB/posting4e9a.html]
[gramziu.pl/phpBB/viewtopic5aca.html]
[gramziu.pl/phpBB/posting68ce.html]
[gramziu.pl/phpBB/viewtopicaefc.html]
[gramziu.pl/phpBB/viewtopic067d.html]
[gramziu.pl/phpBB/viewtopic53c2.html]
[gramziu.pl/phpBB/viewtopicaac6.html]
[gramziu.pl/phpBB/feed1e50.php]
[gramziu.pl/phpBB/viewtopic4984.html]
[gramziu.pl/phpBB/postingf74a.html]
[gramziu.pl/phpBB/viewtopic61f4.html]
[gramziu.pl/phpBB/postingc10e.html]
[gramziu.pl/phpBB/viewtopic3335.html]
[gramziu.pl/phpBB/postingb516.html]
[gramziu.pl/phpBB/images/smilies/icon_e_biggrin.gif]
[gramziu.pl/phpBB/viewtopicaf23.html]
[gramziu.pl/phpBB/images/smilies/icon_e_smile.gif]
[gramziu.pl/phpBB/images/smilies/icon_e_wink.gif]
[gramziu.pl/phpBB/images/smilies/icon_e_sad.gif]
[gramziu.pl/phpBB/images/smilies/icon_e_surprised.gif]
[gramziu.pl/phpBB/images/smilies/icon_lol.gif]
[gramziu.pl/phpBB/images/smilies/icon_evil.gif]
[gramziu.pl/phpBB/images/smilies/icon_e_ugeek.gif]
[gramziu.pl/phpBB/images/smilies/icon_eek.gif]
[gramziu.pl/phpBB/images/smilies/icon_e_confused.gif]
[gramziu.pl/phpBB/images/smilies/icon_cool.gif]
[gramziu.pl/phpBB/images/smilies/icon_mad.gif]
[gramziu.pl/phpBB/images/smilies/icon_razz.gif]
[gramziu.pl/phpBB/images/smilies/icon_redface.gif]
[gramziu.pl/phpBB/images/smilies/icon_cry.gif]
[gramziu.pl/phpBB/images/smilies/icon_twisted.gif]
[gramziu.pl/phpBB/images/smilies/icon_rolleyes.gif]
[gramziu.pl/phpBB/images/smilies/icon_exclaim.gif]
[gramziu.pl/phpBB/images/smilies/icon_question.gif]
[gramziu.pl/phpBB/images/smilies/icon_idea.gif]
[gramziu.pl/phpBB/images/smilies/icon_arrow.gif]
[gramziu.pl/phpBB/images/smilies/icon_neutral.gif]
[gramziu.pl/phpBB/images/smilies/icon_mrgreen.gif]
[gramziu.pl/phpBB/images/smilies/icon_e_geek.gif]
[gramziu.pl/phpBB/viewtopicf98d.html]
[gramziu.pl/phpBB/viewtopic0ca3.html]
[gramziu.pl/phpBB/postingf3d5.html]
[gramziu.pl/phpBB/viewtopic1a73.html]
[gramziu.pl/phpBB/postinga6bb.html]
[gramziu.pl/phpBB/styles/anami/theme/print.css]
[gramziu.pl/phpBB/viewtopicb8b9.html]
[gramziu.pl/phpBB/viewtopiccf1b.html]
[gramziu.pl/phpBB/search1c40.html]
[gramziu.pl/phpBB/searchd81d.html]
[gramziu.pl/phpBB/search07ca.html]
[gramziu.pl/phpBB/search5e71.html]
[gramziu.pl/phpBB/search4fdf.html]
[gramziu.pl/phpBB/viewtopiccec7.html]
[gramziu.pl/phpBB/viewtopicf4ee.html]
[gramziu.pl/phpBB/viewtopic7ea6.html]
[gramziu.pl/phpBB/viewtopiceb22.html]
[gramziu.pl/phpBB/viewtopic8be5.html]
[gramziu.pl/phpBB/viewtopicb43e.html]
[gramziu.pl/phpBB/viewtopicecb9.html]
[gramziu.pl/phpBB/viewtopic46ca.html]
[gramziu.pl/phpBB/search6f75.html]
[gramziu.pl/phpBB/postingf109.html]
[gramziu.pl/phpBB/viewtopic0a4d.html]
[gramziu.pl/phpBB/posting4099.html]
[gramziu.pl/phpBB/viewtopic5bbe.html]
[gramziu.pl/phpBB/posting81f6.html]
[gramziu.pl/phpBB/posting2b21.html]
[gramziu.pl/phpBB/viewtopic0ae9.html]
[gramziu.pl/phpBB/postinga35d.html]
[gramziu.pl/phpBB/viewtopic8c61.html]
[gramziu.pl/phpBB/postingac07.html]
[gramziu.pl/phpBB/viewtopic2249.html]
[gramziu.pl/phpBB/posting0494.html]
[gramziu.pl/phpBB/viewtopic873e.html]
[gramziu.pl/phpBB/posting9652.html]
[gramziu.pl/phpBB/viewtopic8618.html]
[gramziu.pl/phpBB/postingbb3c.html]
[gramziu.pl/phpBB/viewtopicb2b5.html]
[gramziu.pl/phpBB/posting7bc6.html]
[gramziu.pl/phpBB/viewtopicb25b.html]
[gramziu.pl/phpBB/posting350f.html]
[gramziu.pl/phpBB/viewtopic7d14.html]
[gramziu.pl/phpBB/searchf35d.html]
[gramziu.pl/phpBB/posting5888.html]
[gramziu.pl/phpBB/viewtopic73df.html]
[gramziu.pl/phpBB/viewtopicb432.html]
[gramziu.pl/phpBB/viewtopic3063.html]
[gramziu.pl/phpBB/viewtopic5c3e.html]
[gramziu.pl/phpBB/viewtopic03cc.html]
[gramziu.pl/phpBB/viewtopic0c9d.html]
[gramziu.pl/phpBB/viewtopic2170.html]
[gramziu.pl/phpBB/posting58a8.html]
[gramziu.pl/phpBB/viewtopic3aff.php]
[gramziu.pl/phpBB/posting0457.html]
[gramziu.pl/phpBB/viewtopic9de5.html]
[gramziu.pl/phpBB/posting7c44.html]
[gramziu.pl/phpBB/viewtopicab22.php]
[gramziu.pl/phpBB/viewtopic28fc.html]
[gramziu.pl/phpBB/viewtopic11f4.html]
[gramziu.pl/phpBB/posting9ba5.html]
[gramziu.pl/phpBB/viewtopic0125.html]
[gramziu.pl/phpBB/search1c8c.html]
[gramziu.pl/phpBB/posting7c55.html]
[gramziu.pl/phpBB/viewtopic62de.html]
[gramziu.pl/phpBB/posting6c48.html]
[gramziu.pl/phpBB/viewtopicc512.html]
[gramziu.pl/phpBB/posting6886.html]
[gramziu.pl/phpBB/viewtopic5e40.html]
[gramziu.pl/phpBB/viewtopiccbec.html]
[gramziu.pl/phpBB/postingc174.html]
[gramziu.pl/phpBB/viewtopicf075.html]
[gramziu.pl/phpBB/search8f3e.html]
[gramziu.pl/phpBB/posting8819.html]
[gramziu.pl/phpBB/viewtopicb184.html]
[gramziu.pl/phpBB/viewtopic5c48.html]
[gramziu.pl/phpBB/viewtopic7381.html]
[gramziu.pl/phpBB/viewtopic6864.html]
[gramziu.pl/phpBB/viewtopic4ec7.html]
[gramziu.pl/phpBB/viewtopic0c90.html]
[gramziu.pl/phpBB/viewtopic936a.html]
[gramziu.pl/phpBB/viewtopic27b2.html]
[gramziu.pl/phpBB/viewtopic39ff.html]
[gramziu.pl/phpBB/posting6893.html]
[gramziu.pl/phpBB/viewtopicd74d.html]
[gramziu.pl/phpBB/posting6994.html]
[gramziu.pl/phpBB/viewtopiccb92.html]
[gramziu.pl/phpBB/viewtopicf581.html]
[gramziu.pl/phpBB/posting572b.html]
[gramziu.pl/phpBB/viewtopicec54.html]
[gramziu.pl/phpBB/search3266.html]
[gramziu.pl/phpBB/postinga8b4.html]
[gramziu.pl/phpBB/viewtopic6fd0.html]
[gramziu.pl/phpBB/posting777e.html]
[gramziu.pl/phpBB/posting0d34.html]
[gramziu.pl/phpBB/posting4e63.html]
[gramziu.pl/phpBB/viewtopicd1ad.html]
[gramziu.pl/phpBB/posting60d0.html]
[gramziu.pl/phpBB/viewtopic8306.html]
[gramziu.pl/phpBB/viewtopic367f.html]
[gramziu.pl/phpBB/posting8759.html]
[gramziu.pl/phpBB/viewtopicf8c3.html]
[gramziu.pl/phpBB/searchd59b.html]
[gramziu.pl/phpBB/posting9dc2.html]
[gramziu.pl/phpBB/viewtopice2f3.html]
[gramziu.pl/phpBB/postingad65.html]
[gramziu.pl/phpBB/viewtopica92f.html]
[gramziu.pl/phpBB/posting65f1.html]
[gramziu.pl/phpBB/viewtopic53b9.html]
[gramziu.pl/phpBB/viewtopicfb10.html]
[gramziu.pl/phpBB/posting2993.html]
[gramziu.pl/phpBB/viewtopice327.html]
[gramziu.pl/phpBB/posting0dc7.html]
[gramziu.pl/phpBB/viewtopic1d69.html]
[gramziu.pl/phpBB/postingeb6d.html]
[gramziu.pl/phpBB/viewtopic839c.html]
[gramziu.pl/phpBB/posting08b6.html]
[gramziu.pl/phpBB/viewtopic4a8d.html]
[gramziu.pl/phpBB/viewtopic9c30.html]
[gramziu.pl/phpBB/posting082a.html]
[gramziu.pl/phpBB/viewtopic99d9.html]
[gramziu.pl/phpBB/search091e.html]
[gramziu.pl/phpBB/posting2af7.html]
[gramziu.pl/phpBB/viewtopic723c.html]
[gramziu.pl/phpBB/faq50ba.php]
[gramziu.pl/phpBB/viewtopic909f.html]
[gramziu.pl/phpBB/posting699f.html]
[gramziu.pl/phpBB/viewtopicc524.html]
[gramziu.pl/phpBB/viewtopic13dd.html]
[gramziu.pl/phpBB/posting5921.html]
[gramziu.pl/phpBB/viewtopicb1f6.html]
[gramziu.pl/phpBB/search8a3d.html]
[gramziu.pl/phpBB/posting1d59.html]
[gramziu.pl/phpBB/viewtopicec94.html]
[gramziu.pl/phpBB/viewtopic9398.html]
[gramziu.pl/phpBB/postingbacc.html]
[gramziu.pl/phpBB/viewtopicd0e0.html]
[gramziu.pl/phpBB/viewtopic8c5f.html]
[gramziu.pl/phpBB/viewtopic5cf5.html]
[gramziu.pl/phpBB/viewtopicfc99.html]
[gramziu.pl/phpBB/posting6311.html]
[gramziu.pl/phpBB/viewtopic159f.html]
[gramziu.pl/phpBB/viewtopica982.html]
[gramziu.pl/phpBB/posting8980.html]
[gramziu.pl/phpBB/viewtopic765f.html]
[gramziu.pl/phpBB/viewtopic4c2d.html]
[gramziu.pl/phpBB/posting47ae.html]
[gramziu.pl/phpBB/viewtopicb3a8.html]
[gramziu.pl/phpBB/viewtopic49dd.html]
[gramziu.pl/phpBB/postingd6f3.html]
[gramziu.pl/phpBB/viewtopicdc7f.html]
[gramziu.pl/phpBB/viewtopic9023.html]
[gramziu.pl/phpBB/postinge03c.html]
[gramziu.pl/phpBB/viewtopicfd9b.html]
[gramziu.pl/phpBB/viewtopic144f.html]
[gramziu.pl/phpBB/postingd420.html]
[gramziu.pl/phpBB/viewtopicb1d3.html]
[gramziu.pl/phpBB/viewtopic68c9.html]
[gramziu.pl/phpBB/posting2933.html]
[gramziu.pl/phpBB/viewtopica6b7.html]
[gramziu.pl/phpBB/viewtopic577d.html]
[gramziu.pl/phpBB/posting03bd.html]
[gramziu.pl/phpBB/viewtopicb1f3.html]
[gramziu.pl/phpBB/viewtopic8112.html]
[gramziu.pl/phpBB/index9057.html]
[gramziu.pl/phpBB/viewtopicd390.html]
[gramziu.pl/phpBB/indexf65d.html]
[gramziu.pl/phpBB/viewtopic6606.html]
[gramziu.pl/phpBB/posting4ac3.html]
[gramziu.pl/phpBB/viewtopic2648.html]
[gramziu.pl/phpBB/posting60b0.html]
[gramziu.pl/phpBB/viewtopic10c2.html]
[gramziu.pl/phpBB/postingea05.html]
[gramziu.pl/phpBB/viewtopic57a8.html]
[gramziu.pl/phpBB/posting2fa6.html]
[gramziu.pl/phpBB/viewtopic97e9.html]
[gramziu.pl/phpBB/posting488a.html]
[gramziu.pl/phpBB/viewtopic1009.html]
[gramziu.pl/phpBB/posting1727.html]
[gramziu.pl/phpBB/viewtopic49c7.html]
[gramziu.pl/phpBB/posting8fe2.html]
[gramziu.pl/phpBB/viewtopic62a7.html]
[gramziu.pl/phpBB/posting4774.html]
[gramziu.pl/phpBB/viewtopic0565.html]
[gramziu.pl/phpBB/posting6cf1.html]
[gramziu.pl/phpBB/viewtopicc02a.html]
[gramziu.pl/phpBB/postingc878.html]
[gramziu.pl/phpBB/viewtopicb760.html]
[gramziu.pl/phpBB/viewtopice042.html]
[gramziu.pl/phpBB/viewtopic7fff.html]
[gramziu.pl/phpBB/posting0c09.html]
[gramziu.pl/phpBB/viewtopicb77b.html]
[gramziu.pl/phpBB/viewtopicd40d.html]
[gramziu.pl/phpBB/posting3545.html]
[gramziu.pl/phpBB/viewtopic085a.html]
[gramziu.pl/phpBB/posting8233.html]
[gramziu.pl/phpBB/viewtopic2ad3.html]
[gramziu.pl/phpBB/posting152b.html]
[gramziu.pl/phpBB/viewtopica551.html]
[gramziu.pl/phpBB/posting2303.html]
[gramziu.pl/phpBB/viewtopic2bb9.html]
[gramziu.pl/phpBB/posting3d9d.html]
[gramziu.pl/phpBB/viewtopicde49.html]
[gramziu.pl/phpBB/posting804a.html]
[gramziu.pl/phpBB/viewtopic9e57.html]
[gramziu.pl/phpBB/postingacfd.html]
[gramziu.pl/phpBB/viewtopic2d3f.html]
[gramziu.pl/phpBB/posting2437.html]
[gramziu.pl/phpBB/viewtopic3535.html]
[gramziu.pl/phpBB/viewtopic1163.html]
[gramziu.pl/phpBB/viewtopic8122.html]
[gramziu.pl/phpBB/postingb87d.html]
[gramziu.pl/phpBB/viewtopic457a.html]
[gramziu.pl/phpBB/postinga7f9.html]
[gramziu.pl/phpBB/viewtopicc46d.html]
[gramziu.pl/phpBB/postingdf5f.html]
[gramziu.pl/phpBB/viewtopic8616.html]
[gramziu.pl/phpBB/posting5712.html]
[gramziu.pl/phpBB/viewtopicdbcd.html]
[gramziu.pl/phpBB/posting4531.html]
[gramziu.pl/phpBB/viewtopic8abe.html]
[gramziu.pl/phpBB/posting888e.html]
[gramziu.pl/phpBB/viewtopica9e2.html]
[gramziu.pl/phpBB/posting4890.html]
[gramziu.pl/phpBB/viewtopic471c.html]
[gramziu.pl/phpBB/posting4e08.html]
[gramziu.pl/phpBB/viewtopic3cf7.html]
[gramziu.pl/phpBB/posting4e9a.html]
[gramziu.pl/phpBB/viewtopic5aca.html]
[gramziu.pl/phpBB/posting68ce.html]
[gramziu.pl/phpBB/viewtopicaac6.html]
[gramziu.pl/phpBB/viewtopic4984.html]
[gramziu.pl/phpBB/postingf74a.html]
[gramziu.pl/phpBB/viewtopica812.html]
[gramziu.pl/phpBB/postingd6b3.php]
[gramziu.pl/phpBB/viewtopic61f4.html]
[gramziu.pl/phpBB/postingc10e.html]
[gramziu.pl/phpBB/viewtopic3335.html]
[gramziu.pl/phpBB/postingb516.html]
[gramziu.pl/phpBB/viewtopicaf23.html]
[gramziu.pl/phpBB/styles/anami/theme/print.html]
[gramziu.pl/phpBB/viewtopic1e50.html]
[gramziu.pl/phpBB/styles/hawiki/theme/images/apple-touch-icon-precomposed.gif]
[gramziu.pl/phpBB/index.html]
[gramziu.pl/phpBB/styles/hawiki/theme/images/favicon.gif]
[gramziu.pl/phpBB/styles/hawiki/theme/images/favicon.ico]
[gramziu.pl/phpBB/viewtopicb0af.html]
[maxcdn.bootstrapcdn.com/font-awesome/4.3.0/css/font-awesome.min.css]
[gramziu.pl/phpBB/styles/hawiki/theme/stylesheet6148.css]
[gramziu.pl/phpBB/styles/hawiki/theme/colours6148.css]
[gramziu.pl/phpBB/search33a7.html]
[gramziu.pl/phpBB/search526f.html]
[gramziu.pl/phpBB/ucp26c3.html]
[gramziu.pl/phpBB/faq.html]
[gramziu.pl/phpBB/ucp8319.html]
[gramziu.pl/phpBB/index-2.html]
[gramziu.pl/phpBB/viewforum58da.html]
[gramziu.pl/phpBB/viewforum12a3.html]
[gramziu.pl/phpBB/postingf0d4.html]
[gramziu.pl/phpBB/viewtopic79a7.html]
[gramziu.pl/phpBB/memberlistb2a4.html]
[gramziu.pl/phpBB/search51e1.html]
[gramziu.pl/phpBB/postingfffb.html]
[gramziu.pl/phpBB/viewtopic905b.html]
[gramziu.pl/phpBB/viewforum4d6b.html]
[gramziu.pl/phpBB/viewforumcf19.html]
[gramziu.pl/phpBB/viewforumd42b.html]
[gramziu.pl/phpBB/viewforumfdc5.html]
[gramziu.pl/phpBB/viewforum15ca.html]
[gramziu.pl/phpBB/viewforum957d.html]
[gramziu.pl/phpBB/viewforum8a83.html]
[gramziu.pl/phpBB/viewforum01c9.html]
[gramziu.pl/phpBB/viewforumeb13.html]
[gramziu.pl/phpBB/viewforum9780.html]
[gramziu.pl/phpBB/viewforumf2fa.html]
[gramziu.pl/phpBB/viewforum48ab.html]
[gramziu.pl/phpBB/viewforum31e6.html]
[gramziu.pl/phpBB/ucp033a.html]
[gramziu.pl/phpBB/memberlist4bfd.html]
[gramziu.pl/phpBB/memberlist8733.html]
[gramziu.pl/phpBB/styles/hawiki/template/forum_fn6148.js]
[gramziu.pl/phpBB/styles/hawiki/template/ajax6148.js]
[gramziu.pl/phpBB/viewtopiccf1b.html]
[gramziu.pl/phpBB/styles/hawiki/template/chosen.jquery.min6148.js]
[gramziu.pl/phpBB/searchcdbd.html]
[gramziu.pl/phpBB/viewtopicf0f4.html]
[gramziu.pl/phpBB/viewtopic1055.html]
[gramziu.pl/phpBB/viewtopic1464.html]
[gramziu.pl/phpBB/viewtopic5830.html]
[gramziu.pl/phpBB/viewtopic93a0.html]
[gramziu.pl/phpBB/viewtopicc3a3.html]
[gramziu.pl/phpBB/viewtopic7f91.html]
[gramziu.pl/phpBB/viewtopic638f.html]
[gramziu.pl/phpBB/viewtopic19a6.html]
[gramziu.pl/phpBB/search1c40.html]
[gramziu.pl/phpBB/viewtopic930d.html]
[gramziu.pl/phpBB/viewtopic9cb4.html]
[gramziu.pl/phpBB/viewtopic5ea2.html]
[gramziu.pl/phpBB/viewtopic3b5d.html]
[gramziu.pl/phpBB/viewtopic4ff9.html]
[gramziu.pl/phpBB/viewtopic527b.html]
[gramziu.pl/phpBB/viewtopic3ca6.html]
[gramziu.pl/phpBB/viewtopicf978.html]
[gramziu.pl/phpBB/viewtopice75b.html]
[gramziu.pl/phpBB/viewtopic1cb5.html]
[gramziu.pl/phpBB/searchd81d.html]
[gramziu.pl/phpBB/viewtopicb526.html]
[gramziu.pl/phpBB/viewtopic3cf7-2.html]
[gramziu.pl/phpBB/viewtopic6cfc.html]
[gramziu.pl/phpBB/viewtopic820c.html]
[gramziu.pl/phpBB/viewtopice30c.html]
[gramziu.pl/phpBB/viewtopic20c3.html]
[gramziu.pl/phpBB/viewtopicc13f.html]
[gramziu.pl/phpBB/viewtopice1a7.html]
[gramziu.pl/phpBB/viewtopica84e.html]
[gramziu.pl/phpBB/viewtopic722a.html]
[gramziu.pl/phpBB/search07ca.html]
[gramziu.pl/phpBB/viewtopic1907.html]
[gramziu.pl/phpBB/viewtopicb5a5.html]
[gramziu.pl/phpBB/viewtopic0fb3.html]
[gramziu.pl/phpBB/viewtopic8d65.html]
[gramziu.pl/phpBB/viewtopic794b.html]
[gramziu.pl/phpBB/viewtopic1de6.html]
[gramziu.pl/phpBB/search5e71.html]
[gramziu.pl/phpBB/search4fdf.html]
[gramziu.pl/phpBB/viewtopiccec7.html]
[gramziu.pl/phpBB/viewtopicf4ee.html]
[gramziu.pl/phpBB/viewtopic7ea6.html]
[gramziu.pl/phpBB/viewtopiceb22.html]
[gramziu.pl/phpBB/viewtopic8be5.html]
[gramziu.pl/phpBB/viewtopicb43e.html]
[gramziu.pl/phpBB/viewtopicecb9.html]
[gramziu.pl/phpBB/viewtopic46ca.html]
[gramziu.pl/phpBB/viewtopic28fc.html]
[gramziu.pl/phpBB/viewtopicab22.php]
[gramziu.pl/phpBB/viewtopicdb9c.html]
[gramziu.pl/phpBB/viewtopic991d.html]
[gramziu.pl/phpBB/viewtopicc4be.html]
[gramziu.pl/phpBB/posting0071.html]
[gramziu.pl/phpBB/viewtopicbeb9.html]
[gramziu.pl/phpBB/postingc262.html]
[gramziu.pl/phpBB/viewtopic9787.html]
[gramziu.pl/phpBB/memberlistd514.html]
[gramziu.pl/phpBB/searche68b.html]
[gramziu.pl/phpBB/posting0d51.html]
[gramziu.pl/phpBB/viewtopic6cf3.html]
[gramziu.pl/phpBB/viewtopic5e40.html]
[gramziu.pl/phpBB/viewtopicc90b.html]
[gramziu.pl/phpBB/posting3ef1.html]
[gramziu.pl/phpBB/viewtopicd316.html]
[gramziu.pl/phpBB/posting6de8.html]
[gramziu.pl/phpBB/viewtopice9b4.html]
[gramziu.pl/phpBB/memberlist7468.html]
[gramziu.pl/phpBB/postingeb67.html]
[gramziu.pl/phpBB/search8200.html]
[gramziu.pl/phpBB/viewtopicae74.html]
[gramziu.pl/phpBB/viewtopiccb92.html]
[gramziu.pl/phpBB/viewtopicdc8c.html]
[gramziu.pl/phpBB/postingea9f.html]
[gramziu.pl/phpBB/viewtopic1d1a.html]
[gramziu.pl/phpBB/posting8989.html]
[gramziu.pl/phpBB/viewtopic1098.html]
[gramziu.pl/phpBB/memberlist670d.html]
[gramziu.pl/phpBB/search41f5.html]
[gramziu.pl/phpBB/postingf085.html]
[gramziu.pl/phpBB/viewtopic8306.html]
[gramziu.pl/phpBB/viewtopicb135.html]
[gramziu.pl/phpBB/viewtopicff60.html]
[gramziu.pl/phpBB/posting007d.html]
[gramziu.pl/phpBB/viewtopiccb80.html]
[gramziu.pl/phpBB/posting5c11.html]
[gramziu.pl/phpBB/viewtopic0721.html]
[gramziu.pl/phpBB/memberlist367b.html]
[gramziu.pl/phpBB/search4c79.html]
[gramziu.pl/phpBB/posting3117.html]
[gramziu.pl/phpBB/viewtopic8cae.html]
[gramziu.pl/phpBB/viewtopic53b9.html]
[gramziu.pl/phpBB/viewtopic5b6a.html]
[gramziu.pl/phpBB/postingfd8a.html]
[gramziu.pl/phpBB/viewtopicf9ae.html]
[gramziu.pl/phpBB/posting4136.html]
[gramziu.pl/phpBB/viewtopic094d.html]
[gramziu.pl/phpBB/memberlistc673.html]
[gramziu.pl/phpBB/search6553.html]
[gramziu.pl/phpBB/postingaeae.html]
[gramziu.pl/phpBB/viewtopice839.html]
[gramziu.pl/phpBB/viewtopic4a8d.html]
[gramziu.pl/phpBB/viewtopic9084.html]
[gramziu.pl/phpBB/posting5a1d.html]
[gramziu.pl/phpBB/viewtopic508a.html]
[gramziu.pl/phpBB/posting62fb.html]
[gramziu.pl/phpBB/viewtopic5c36.html]
[gramziu.pl/phpBB/memberlist913b.html]
[gramziu.pl/phpBB/searchf977.html]
[gramziu.pl/phpBB/viewtopic04cd.html]
[gramziu.pl/phpBB/posting2bf4.html]
[gramziu.pl/phpBB/viewtopicc524.html]
[gramziu.pl/phpBB/viewtopic47a7.html]
[gramziu.pl/phpBB/postingf603.html]
[gramziu.pl/phpBB/viewtopice9ed.html]
[gramziu.pl/phpBB/postingc7d4.html]
[gramziu.pl/phpBB/viewtopic2dc8.html]
[gramziu.pl/phpBB/memberlistf8ff.html]
[gramziu.pl/phpBB/search9a92.html]
[gramziu.pl/phpBB/postingf129.html]
[gramziu.pl/phpBB/viewtopicd0e0.html]
[gramziu.pl/phpBB/viewtopic3f3a.html]
[gramziu.pl/phpBB/viewtopic15fa.html]
[gramziu.pl/phpBB/postinge95b.html]
[gramziu.pl/phpBB/viewtopica810.html]
[gramziu.pl/phpBB/viewtopic159f.html]
[gramziu.pl/phpBB/viewtopic5e74.html]
[gramziu.pl/phpBB/viewtopic7844.html]
[gramziu.pl/phpBB/postingf74a-2.html]
[gramziu.pl/phpBB/viewtopic7060.html]
[gramziu.pl/phpBB/posting3187.html]
[gramziu.pl/phpBB/viewtopicb3a8.html]
[gramziu.pl/phpBB/viewtopicc471.html]
[gramziu.pl/phpBB/viewtopica549.html]
[gramziu.pl/phpBB/posting3320.html]
[gramziu.pl/phpBB/viewtopic5da1.html]
[gramziu.pl/phpBB/viewtopicfd9b.html]
[gramziu.pl/phpBB/posting7376.html]
[gramziu.pl/phpBB/viewtopic5c7e.html]
[gramziu.pl/phpBB/viewtopicb277.html]
[gramziu.pl/phpBB/postingb8fd.html]
[gramziu.pl/phpBB/viewtopicb5ae.html]
[gramziu.pl/phpBB/posting1520.html]
[gramziu.pl/phpBB/viewtopica6b7.html]
[gramziu.pl/phpBB/viewtopic2207.html]
[gramziu.pl/phpBB/viewtopicb73c.html]
[gramziu.pl/phpBB/posting59e9.html]
[gramziu.pl/phpBB/viewtopiced1e.html]
[gramziu.pl/phpBB/posting4384.html]
[gramziu.pl/phpBB/viewtopic8112.html]
[gramziu.pl/phpBB/viewtopiccff1.html]
[gramziu.pl/phpBB/indexf65d.html]
[gramziu.pl/phpBB/index024c.html]
[gramziu.pl/phpBB/viewtopic8744.html]
[gramziu.pl/phpBB/postingba61.html]
[gramziu.pl/phpBB/viewtopicb873.html]
[gramziu.pl/phpBB/viewtopicf160.html]
[gramziu.pl/phpBB/viewtopice1f3.html]
[gramziu.pl/phpBB/viewtopice813.html]
[gramziu.pl/phpBB/posting2e37.html]
[gramziu.pl/phpBB/viewtopicb5fb.html]
[gramziu.pl/phpBB/postingce47.html]
[gramziu.pl/phpBB/viewtopic64b4.html]
[gramziu.pl/phpBB/posting104a.html]
[gramziu.pl/phpBB/viewtopic5757.html]
[gramziu.pl/phpBB/postingd45f.html]
[gramziu.pl/phpBB/viewtopic678b.html]
[gramziu.pl/phpBB/posting467f.html]
[gramziu.pl/phpBB/viewtopic2dc4.html]
[gramziu.pl/phpBB/postingedaf.html]
[gramziu.pl/phpBB/viewtopic0b69.html]
[gramziu.pl/phpBB/posting12a8.html]
[gramziu.pl/phpBB/viewtopica1ca.html]
[gramziu.pl/phpBB/posting9f64.html]
[gramziu.pl/phpBB/viewtopic0e62.html]
[gramziu.pl/phpBB/postingd8e1.html]
[gramziu.pl/phpBB/viewtopicd8eb.html]
[gramziu.pl/phpBB/posting5c90.html]
[gramziu.pl/phpBB/viewtopica812.html]
[gramziu.pl/phpBB/postingd6b3.php]
[gramziu.pl/phpBB/viewtopic0735.html]
[gramziu.pl/phpBB/viewtopicc54a.html]
[gramziu.pl/phpBB/postingec7b.html]
[gramziu.pl/phpBB/viewtopic8213.html]
[gramziu.pl/phpBB/posting4613.html]
[gramziu.pl/phpBB/viewtopic42dc.html]
[gramziu.pl/phpBB/posting6752.html]
[gramziu.pl/phpBB/viewtopic1e50.html]
[gramziu.pl/phpBB/viewtopicc4f7.html]
[gramziu.pl/phpBB/styles/hawiki/theme/images/rate_it.jpg]
[gramziu.pl/phpBB/ucp937e.html]
[gramziu.pl/phpBB/viewtopic9e43.html]
[gramziu.pl/phpBB/viewtopic0ab5.html]
[gramziu.pl/phpBB/viewtopicba6f.html]
[gramziu.pl/phpBB/viewtopic47ff.html]
[gramziu.pl/phpBB/viewtopicdafd.html]
[gramziu.pl/phpBB/viewtopic6f2c.html]
[gramziu.pl/phpBB/viewtopicd0ce.html]
[gramziu.pl/phpBB/viewtopic5042.html]
[gramziu.pl/phpBB/viewtopic1fb5.html]
[gramziu.pl/phpBB/memberlist0e39.html]
[gramziu.pl/phpBB/memberlist3cdd.html]
[gramziu.pl/phpBB/memberlist581c.html]
[gramziu.pl/phpBB/index.html]
[gramziu.pl/phpBB/viewtopicb0af.html]
[maxcdn.bootstrapcdn.com/font-awesome/4.3.0/css/font-awesome.min.css]
[gramziu.pl/phpBB/memberlista3be.html]
[gramziu.pl/phpBB/styles/hawiki/theme/images/site_logo.svg]
[gramziu.pl/phpBB/styles/hawiki/theme/images/forum_link.svg]
[gramziu.pl/phpBB/styles/hawiki/theme/images/forum_read.svg]
[gramziu.pl/phpBB/styles/hawiki/theme/images/forum_read_locked.svg]
[gramziu.pl/phpBB/styles/hawiki/theme/images/forum_read_subforum.svg]
[gramziu.pl/phpBB/styles/hawiki/theme/images/forum_unread.svg]
[gramziu.pl/phpBB/styles/hawiki/theme/images/forum_unread_locked.svg]
[gramziu.pl/phpBB/styles/hawiki/theme/images/forum_unread_subforum.svg]
[gramziu.pl/phpBB/styles/hawiki/theme/images/topic_moved.svg]
[gramziu.pl/phpBB/styles/hawiki/theme/images/topic_read.svg]
[gramziu.pl/phpBB/styles/hawiki/theme/images/topic_read_mine.svg]
[gramziu.pl/phpBB/styles/hawiki/theme/images/topic_read_hot.svg]
[gramziu.pl/phpBB/styles/hawiki/theme/images/topic_read_hot_mine.svg]
[gramziu.pl/phpBB/styles/hawiki/theme/images/topic_read_locked.svg]
[gramziu.pl/phpBB/styles/hawiki/theme/images/topic_read_locked_mine.svg]
[gramziu.pl/phpBB/styles/hawiki/theme/images/topic_unread.svg]
[gramziu.pl/phpBB/styles/hawiki/theme/images/topic_unread_mine.svg]
[gramziu.pl/phpBB/styles/hawiki/theme/images/topic_unread_hot.svg]
[gramziu.pl/phpBB/styles/hawiki/theme/images/topic_unread_hot_mine.svg]
[gramziu.pl/phpBB/styles/hawiki/theme/images/topic_unread_locked.svg]
[gramziu.pl/phpBB/styles/hawiki/theme/images/topic_unread_locked_mine.svg]
[gramziu.pl/phpBB/styles/hawiki/theme/images/sticky_read.svg]
[gramziu.pl/phpBB/styles/hawiki/theme/images/sticky_read_mine.svg]
[gramziu.pl/phpBB/styles/hawiki/theme/images/sticky_read_locked.svg]
[gramziu.pl/phpBB/styles/hawiki/theme/images/sticky_read_locked_mine.svg]
[gramziu.pl/phpBB/styles/hawiki/theme/images/sticky_unread.svg]
[gramziu.pl/phpBB/styles/hawiki/theme/images/sticky_unread_mine.svg]
[gramziu.pl/phpBB/styles/hawiki/theme/images/sticky_unread_locked.svg]
[gramziu.pl/phpBB/styles/hawiki/theme/images/sticky_unread_locked_mine.svg]
[gramziu.pl/phpBB/styles/hawiki/theme/images/announce_read.svg]
[gramziu.pl/phpBB/styles/hawiki/theme/images/announce_unread.svg]
[gramziu.pl/phpBB/styles/hawiki/theme/images/announce_read_mine.svg]
[gramziu.pl/phpBB/styles/hawiki/theme/images/announce_read_locked.svg]
[gramziu.pl/phpBB/styles/hawiki/theme/images/announce_read_locked_mine.svg]
[gramziu.pl/phpBB/styles/hawiki/theme/images/announce_unread_mine.svg]
[gramziu.pl/phpBB/styles/hawiki/theme/images/announce_unread_locked.svg]
[gramziu.pl/phpBB/styles/hawiki/theme/images/announce_unread_locked_mine.svg]
[gramziu.pl/phpBB/styles/hawiki/theme/images/subforum_read.svg]
[gramziu.pl/phpBB/styles/hawiki/theme/images/subforum_unread.svg]
[gramziu.pl/phpBB/styles/hawiki/theme/chosen-sprite.png]
[gramziu.pl/phpBB/styles/hawiki/theme/chosen-sprite@2x.png]
[gramziu.pl/phpBB/styles/hawiki/theme/stylesheet6148.css]
[gramziu.pl/phpBB/styles/hawiki/theme/images/icon_back_top.gif]
[gramziu.pl/phpBB/styles/hawiki/theme/colours6148.css]
[gramziu.pl/phpBB/search.html]
[gramziu.pl/phpBB/viewtopicb748.html]
[gramziu.pl/phpBB/viewtopicbc7c.html]
[gramziu.pl/phpBB/viewtopicc74e.html]
[gramziu.pl/phpBB/viewtopicb789.html]
[gramziu.pl/phpBB/viewtopic5afc.html]
[gramziu.pl/phpBB/search33a7.html]
[gramziu.pl/phpBB/search526f.html]
[gramziu.pl/phpBB/faq.html]
[gramziu.pl/phpBB/viewtopic269e.html]
[gramziu.pl/phpBB/ucp226b.html]
[gramziu.pl/phpBB/ucp26c3.html]
[gramziu.pl/phpBB/ucp8319.html]
[gramziu.pl/phpBB/index-2.html]
[gramziu.pl/phpBB/ucp4d86.html]
[gramziu.pl/phpBB/viewtopica11a.html]
[gramziu.pl/phpBB/viewforum58da.html]
[gramziu.pl/phpBB/viewtopic54d4.html]
[gramziu.pl/phpBB/viewforum12a3.html]
[gramziu.pl/phpBB/postingf0d4.html]
[gramziu.pl/phpBB/postingd382.html]
[gramziu.pl/phpBB/styles/hawiki/theme/print.css]
[gramziu.pl/phpBB/viewtopic79a7.html]
[gramziu.pl/phpBB/memberlistb2a4.html]
[gramziu.pl/phpBB/searchc6b0.html]
[gramziu.pl/phpBB/searchf6e1.html]
[gramziu.pl/phpBB/searchc8e8.html]
[gramziu.pl/phpBB/searchaaf0.html]
[gramziu.pl/phpBB/search01ca.html]
[gramziu.pl/phpBB/viewtopic2d72.html]
[gramziu.pl/phpBB/viewtopic8c85.html]
[gramziu.pl/phpBB/viewtopic597b.html]
[gramziu.pl/phpBB/viewtopic3d3a.html]
[gramziu.pl/phpBB/viewtopicd264.html]
[gramziu.pl/phpBB/viewtopic5273.html]
[gramziu.pl/phpBB/viewtopice1e9.html]
[gramziu.pl/phpBB/search51e1.html]
[gramziu.pl/phpBB/postingfffb.html]
[gramziu.pl/phpBB/viewtopic905b.html]
[gramziu.pl/phpBB/viewtopicbe5c.html]
[gramziu.pl/phpBB/viewtopic0782.html]
[gramziu.pl/phpBB/viewforum4d6b.html]
[gramziu.pl/phpBB/postingbe5e.html]
[gramziu.pl/phpBB/viewtopic70cc.html]
[gramziu.pl/phpBB/viewforumcf19.html]
[gramziu.pl/phpBB/viewtopicd9fc.html]
[gramziu.pl/phpBB/viewtopic99d9-2.html]
[gramziu.pl/phpBB/viewforumd42b.html]
[gramziu.pl/phpBB/posting8251.html]
[gramziu.pl/phpBB/viewforum957d.html]
[gramziu.pl/phpBB/posting05b6.html]
[gramziu.pl/phpBB/viewforumfdc5.html]
[gramziu.pl/phpBB/posting25e1.html]
[gramziu.pl/phpBB/viewtopicd669.html]
[gramziu.pl/phpBB/viewtopic8f9d.html]
[gramziu.pl/phpBB/viewtopicbc7a.html]
[gramziu.pl/phpBB/viewforum15ca.html]
[gramziu.pl/phpBB/viewtopicfb77.html]
[gramziu.pl/phpBB/viewforum8a83.html]
[gramziu.pl/phpBB/posting3e13.html]
[gramziu.pl/phpBB/viewforum01c9.html]
[gramziu.pl/phpBB/posting881d.html]
[gramziu.pl/phpBB/viewforumeb13.html]
[gramziu.pl/phpBB/posting5a5c.html]
[gramziu.pl/phpBB/viewforum9780.html]
[gramziu.pl/phpBB/postingc89e.html]
[gramziu.pl/phpBB/viewforumf2fa.html]
[gramziu.pl/phpBB/posting7882.html]
[gramziu.pl/phpBB/viewforum48ab.html]
[gramziu.pl/phpBB/viewforum31e6.html]
[gramziu.pl/phpBB/ucp033a.html]
[gramziu.pl/phpBB/memberlist4bfd.html]
[gramziu.pl/phpBB/memberlist8733.html]
[gramziu.pl/phpBB/searchcdbd.html]
[gramziu.pl/phpBB/viewtopicf0f4.html]
[gramziu.pl/phpBB/viewtopic1055.html]
[gramziu.pl/phpBB/viewtopic1464.html]
[gramziu.pl/phpBB/viewtopic5830.html]
[gramziu.pl/phpBB/viewtopic93a0.html]
[gramziu.pl/phpBB/viewtopicc3a3.html]
[gramziu.pl/phpBB/viewtopic7f91.html]
[gramziu.pl/phpBB/viewtopic638f.html]
[gramziu.pl/phpBB/viewtopic19a6.html]
[gramziu.pl/phpBB/viewtopic930d.html]
[gramziu.pl/phpBB/viewtopic9cb4.html]
[gramziu.pl/phpBB/viewtopic5ea2.html]
[gramziu.pl/phpBB/viewtopic3b5d.html]
[gramziu.pl/phpBB/viewtopic4ff9.html]
[gramziu.pl/phpBB/viewtopic527b.html]
[gramziu.pl/phpBB/viewtopic3ca6.html]
[gramziu.pl/phpBB/viewtopicf978.html]
[gramziu.pl/phpBB/viewtopice75b.html]
[gramziu.pl/phpBB/viewtopic1cb5.html]
[gramziu.pl/phpBB/viewtopicb526.html]
[gramziu.pl/phpBB/viewtopic3cf7-2.html]
[gramziu.pl/phpBB/viewtopic6cfc.html]
[gramziu.pl/phpBB/viewtopic820c.html]
[gramziu.pl/phpBB/viewtopice30c.html]
[gramziu.pl/phpBB/viewtopice1a7.html]
[gramziu.pl/phpBB/viewtopic20c3.html]
[gramziu.pl/phpBB/viewtopicc13f.html]
[gramziu.pl/phpBB/viewtopica84e.html]
[gramziu.pl/phpBB/viewtopic722a.html]
[gramziu.pl/phpBB/viewtopic1907.html]
[gramziu.pl/phpBB/viewtopicb5a5.html]
[gramziu.pl/phpBB/viewtopic0fb3.html]
[gramziu.pl/phpBB/viewtopic8d65.html]
[gramziu.pl/phpBB/viewtopic794b.html]
[gramziu.pl/phpBB/viewtopic1de6.html]
[gramziu.pl/phpBB/viewtopicdb9c.html]
[gramziu.pl/phpBB/viewtopic991d.html]
[gramziu.pl/phpBB/viewtopicc4be.html]
[gramziu.pl/phpBB/posting0071.html]
[gramziu.pl/phpBB/viewtopicbeb9.html]
[gramziu.pl/phpBB/postingc262.html]
[gramziu.pl/phpBB/viewtopic9787.html]
[gramziu.pl/phpBB/memberlistd514.html]
[gramziu.pl/phpBB/searche68b.html]
[gramziu.pl/phpBB/posting0d51.html]
[gramziu.pl/phpBB/viewtopic6cf3.html]
[gramziu.pl/phpBB/viewtopicc90b.html]
[gramziu.pl/phpBB/posting3ef1.html]
[gramziu.pl/phpBB/viewtopicd316.html]
[gramziu.pl/phpBB/posting6de8.html]
[gramziu.pl/phpBB/viewtopice9b4.html]
[gramziu.pl/phpBB/memberlist7468.html]
[gramziu.pl/phpBB/search8200.html]
[gramziu.pl/phpBB/postingeb67.html]
[gramziu.pl/phpBB/viewtopicae74.html]
[gramziu.pl/phpBB/viewtopicdc8c.html]
[gramziu.pl/phpBB/postingea9f.html]
[gramziu.pl/phpBB/viewtopic1d1a.html]
[gramziu.pl/phpBB/posting8989.html]
[gramziu.pl/phpBB/viewtopic1098.html]
[gramziu.pl/phpBB/memberlist670d.html]
[gramziu.pl/phpBB/search41f5.html]
[gramziu.pl/phpBB/postingf085.html]
[gramziu.pl/phpBB/viewtopicb135.html]
[gramziu.pl/phpBB/viewtopicff60.html]
[gramziu.pl/phpBB/posting007d.html]
[gramziu.pl/phpBB/viewtopiccb80.html]
[gramziu.pl/phpBB/posting5c11.html]
[gramziu.pl/phpBB/viewtopic0721.html]
[gramziu.pl/phpBB/memberlist367b.html]
[gramziu.pl/phpBB/search4c79.html]
[gramziu.pl/phpBB/posting3117.html]
[gramziu.pl/phpBB/viewtopic8cae.html]
[gramziu.pl/phpBB/viewtopic5b6a.html]
[gramziu.pl/phpBB/postingfd8a.html]
[gramziu.pl/phpBB/viewtopicf9ae.html]
[gramziu.pl/phpBB/posting4136.html]
[gramziu.pl/phpBB/viewtopic094d.html]
[gramziu.pl/phpBB/memberlistc673.html]
[gramziu.pl/phpBB/search6553.html]
[gramziu.pl/phpBB/postingaeae.html]
[gramziu.pl/phpBB/viewtopice839.html]
[gramziu.pl/phpBB/viewtopic9084.html]
[gramziu.pl/phpBB/posting5a1d.html]
[gramziu.pl/phpBB/viewtopic508a.html]
[gramziu.pl/phpBB/posting62fb.html]
[gramziu.pl/phpBB/viewtopic5c36.html]
[gramziu.pl/phpBB/memberlist913b.html]
[gramziu.pl/phpBB/searchf977.html]
[gramziu.pl/phpBB/posting2bf4.html]
[gramziu.pl/phpBB/viewtopic04cd.html]
[gramziu.pl/phpBB/viewtopic47a7.html]
[gramziu.pl/phpBB/postingf603.html]
[gramziu.pl/phpBB/viewtopice9ed.html]
[gramziu.pl/phpBB/postingc7d4.html]
[gramziu.pl/phpBB/viewtopic2dc8.html]
[gramziu.pl/phpBB/memberlistf8ff.html]
[gramziu.pl/phpBB/search9a92.html]
[gramziu.pl/phpBB/postingf129.html]
[gramziu.pl/phpBB/viewtopic3f3a.html]
[gramziu.pl/phpBB/viewtopic15fa.html]
[gramziu.pl/phpBB/postinge95b.html]
[gramziu.pl/phpBB/viewtopica810.html]
[gramziu.pl/phpBB/viewtopic5e74.html]
[gramziu.pl/phpBB/viewtopic7844.html]
[gramziu.pl/phpBB/postingf74a-2.html]
[gramziu.pl/phpBB/viewtopic7060.html]
[gramziu.pl/phpBB/posting3187.html]
[gramziu.pl/phpBB/viewtopicc471.html]
[gramziu.pl/phpBB/viewtopica549.html]
[gramziu.pl/phpBB/posting3320.html]
[gramziu.pl/phpBB/viewtopic5da1.html]
[gramziu.pl/phpBB/posting7376.html]
[gramziu.pl/phpBB/viewtopic5c7e.html]
[gramziu.pl/phpBB/viewtopicb277.html]
[gramziu.pl/phpBB/postingb8fd.html]
[gramziu.pl/phpBB/viewtopicb5ae.html]
[gramziu.pl/phpBB/posting1520.html]
[gramziu.pl/phpBB/viewtopic2207.html]
[gramziu.pl/phpBB/viewtopicb73c.html]
[gramziu.pl/phpBB/posting59e9.html]
[gramziu.pl/phpBB/viewtopiced1e.html]
[gramziu.pl/phpBB/posting4384.html]
[gramziu.pl/phpBB/viewtopiccff1.html]
[gramziu.pl/phpBB/posting2915.html]
[gramziu.pl/phpBB/index024c.html]
[gramziu.pl/phpBB/viewtopic8744.html]
[gramziu.pl/phpBB/postingba61.html]
[gramziu.pl/phpBB/viewtopicb873.html]
[gramziu.pl/phpBB/indexad5a.html]
[gramziu.pl/phpBB/viewtopic47c0.html]
[gramziu.pl/phpBB/viewtopicb50f.html]
[gramziu.pl/phpBB/posting1e31.html]
[gramziu.pl/phpBB/viewtopic5831.html]
[gramziu.pl/phpBB/posting4f58.html]
[gramziu.pl/phpBB/viewtopic341b.html]
[gramziu.pl/phpBB/posting9dfd.html]
[gramziu.pl/phpBB/viewtopic3965.html]
[gramziu.pl/phpBB/postingcbac.html]
[gramziu.pl/phpBB/viewtopic0345.html]
[gramziu.pl/phpBB/posting8444.html]
[gramziu.pl/phpBB/viewtopic40a0.html]
[gramziu.pl/phpBB/posting6a0e.html]
[gramziu.pl/phpBB/viewtopic2cf9.html]
[gramziu.pl/phpBB/posting43b8.html]
[gramziu.pl/phpBB/viewtopic970c.html]
[gramziu.pl/phpBB/posting9afb.html]
[gramziu.pl/phpBB/viewtopic88b9.html]
[gramziu.pl/phpBB/posting118e.html]
[gramziu.pl/phpBB/viewtopic1c4a.html]
[gramziu.pl/phpBB/postingdde8.html]
[gramziu.pl/phpBB/viewtopicf160.html]
[gramziu.pl/phpBB/viewtopic3c55.html]
[gramziu.pl/phpBB/viewtopic5609.html]
[gramziu.pl/phpBB/viewtopicfa4a.html]
[gramziu.pl/phpBB/postingeaa8.html]
[gramziu.pl/phpBB/viewtopic9cd7.html]
[gramziu.pl/phpBB/postingec29.html]
[gramziu.pl/phpBB/viewtopic5643.html]
[gramziu.pl/phpBB/posting629f.html]
[gramziu.pl/phpBB/viewtopicc7e3.html]
[gramziu.pl/phpBB/postingb155.html]
[gramziu.pl/phpBB/viewtopic6c46.html]
[gramziu.pl/phpBB/postingd778.html]
[gramziu.pl/phpBB/viewtopicdd23.html]
[gramziu.pl/phpBB/posting030c.html]
[gramziu.pl/phpBB/viewtopic1e7e.html]
[gramziu.pl/phpBB/posting1e88.html]
[gramziu.pl/phpBB/viewtopic5c90.html]
[gramziu.pl/phpBB/postingddef.html]
[gramziu.pl/phpBB/viewtopic0d0b.html]
[gramziu.pl/phpBB/posting5720.html]
[gramziu.pl/phpBB/viewtopic4837.html]
[gramziu.pl/phpBB/posting11bd.html]
[gramziu.pl/phpBB/viewtopice1f3.html]
[gramziu.pl/phpBB/viewtopicb93f.html]
[gramziu.pl/phpBB/viewtopic8635.html]
[gramziu.pl/phpBB/viewtopic62ad.html]
[gramziu.pl/phpBB/posting6f61.html]
[gramziu.pl/phpBB/viewtopicba52.html]
[gramziu.pl/phpBB/posting3547.html]
[gramziu.pl/phpBB/viewtopic3ba0.html]
[gramziu.pl/phpBB/posting3784.html]
[gramziu.pl/phpBB/viewtopiccbb6.html]
[gramziu.pl/phpBB/postingc92e.html]
[gramziu.pl/phpBB/viewtopicfbd5.html]
[gramziu.pl/phpBB/postingfc86.html]
[gramziu.pl/phpBB/viewtopic4170.html]
[gramziu.pl/phpBB/postinga5b3.html]
[gramziu.pl/phpBB/postingd7dd.html]
[gramziu.pl/phpBB/viewtopic49b1.html]
[gramziu.pl/phpBB/viewtopic8054.html]
[gramziu.pl/phpBB/posting0ccf.html]
[gramziu.pl/phpBB/viewtopic2cce.html]
[gramziu.pl/phpBB/postingb5d3.html]
[gramziu.pl/phpBB/viewtopice813.html]
[gramziu.pl/phpBB/posting2e37.html]
[gramziu.pl/phpBB/viewtopicb5fb.html]
[gramziu.pl/phpBB/postingce47.html]
[gramziu.pl/phpBB/viewtopic64b4.html]
[gramziu.pl/phpBB/posting104a.html]
[gramziu.pl/phpBB/viewtopic5757.html]
[gramziu.pl/phpBB/postingd45f.html]
[gramziu.pl/phpBB/viewtopic678b.html]
[gramziu.pl/phpBB/posting467f.html]
[gramziu.pl/phpBB/viewtopic2dc4.html]
[gramziu.pl/phpBB/postingedaf.html]
[gramziu.pl/phpBB/viewtopic0b69.html]
[gramziu.pl/phpBB/posting12a8.html]
[gramziu.pl/phpBB/viewtopica1ca.html]
[gramziu.pl/phpBB/posting9f64.html]
[gramziu.pl/phpBB/viewtopic0e62.html]
[gramziu.pl/phpBB/postingd8e1.html]
[gramziu.pl/phpBB/viewtopicd8eb.html]
[gramziu.pl/phpBB/posting5c90.html]
[gramziu.pl/phpBB/viewtopic0735.html]
[gramziu.pl/phpBB/viewtopicc54a.html]
[gramziu.pl/phpBB/postingec7b.html]
[gramziu.pl/phpBB/viewtopic8213.html]
[gramziu.pl/phpBB/posting4613.html]
[gramziu.pl/phpBB/viewtopic42dc.html]
[gramziu.pl/phpBB/posting6752.html]
[gramziu.pl/phpBB/viewtopicc4f7.html]
[gramziu.pl/phpBB/ucp937e.html]
[gramziu.pl/phpBB/viewtopic9e43.html]
[gramziu.pl/phpBB/viewtopic0ab5.html]
[gramziu.pl/phpBB/viewtopicba6f.html]
[gramziu.pl/phpBB/viewtopic47ff.html]
[gramziu.pl/phpBB/viewtopicdafd.html]
[gramziu.pl/phpBB/viewtopic6f2c.html]
[gramziu.pl/phpBB/viewtopicd0ce.html]
[gramziu.pl/phpBB/viewtopic5042.html]
[gramziu.pl/phpBB/viewtopic1fb5.html]
[gramziu.pl/phpBB/memberlist0e39.html]
[gramziu.pl/phpBB/memberlist3cdd.html]
[gramziu.pl/phpBB/memberlist581c.html]
[gramziu.pl/phpBB/memberlista3be.html]
[gramziu.pl/phpBB/styles/hawiki/theme/images/site_logo.svg]
[gramziu.pl/phpBB/styles/hawiki/theme/images/forum_link.svg]
[gramziu.pl/phpBB/styles/hawiki/theme/images/forum_read.svg]
[gramziu.pl/phpBB/styles/hawiki/theme/images/forum_read_locked.svg]
[gramziu.pl/phpBB/styles/hawiki/theme/images/forum_read_subforum.svg]
[gramziu.pl/phpBB/styles/hawiki/theme/images/forum_unread.svg]
[gramziu.pl/phpBB/styles/hawiki/theme/images/forum_unread_locked.svg]
[gramziu.pl/phpBB/styles/hawiki/theme/images/forum_unread_subforum.svg]
[gramziu.pl/phpBB/styles/hawiki/theme/images/topic_moved.html]
[gramziu.pl/phpBB/styles/hawiki/theme/images/topic_read.svg]
[gramziu.pl/phpBB/styles/hawiki/theme/images/topic_read_mine.svg]
[gramziu.pl/phpBB/styles/hawiki/theme/images/topic_read_hot.svg]
[gramziu.pl/phpBB/styles/hawiki/theme/images/topic_read_hot_mine.svg]
[gramziu.pl/phpBB/styles/hawiki/theme/images/topic_read_locked.svg]
[gramziu.pl/phpBB/styles/hawiki/theme/images/topic_read_locked_mine.svg]
[gramziu.pl/phpBB/styles/hawiki/theme/images/topic_unread.svg]
[gramziu.pl/phpBB/styles/hawiki/theme/images/topic_unread_mine.svg]
[gramziu.pl/phpBB/styles/hawiki/theme/images/topic_unread_hot.svg]
[gramziu.pl/phpBB/styles/hawiki/theme/images/topic_unread_hot_mine.svg]
[gramziu.pl/phpBB/styles/hawiki/theme/images/topic_unread_locked.svg]
[gramziu.pl/phpBB/styles/hawiki/theme/images/topic_unread_locked_mine.svg]
[gramziu.pl/phpBB/styles/hawiki/theme/images/sticky_read.svg]
[gramziu.pl/phpBB/styles/hawiki/theme/images/sticky_read_mine.svg]
[gramziu.pl/phpBB/styles/hawiki/theme/images/sticky_read_locked.html]
[gramziu.pl/phpBB/styles/hawiki/theme/images/sticky_read_locked_mine.html]
[gramziu.pl/phpBB/styles/hawiki/theme/images/sticky_unread.svg]
[gramziu.pl/phpBB/styles/hawiki/theme/images/sticky_unread_mine.svg]
[gramziu.pl/phpBB/styles/hawiki/theme/images/sticky_unread_locked.html]
[gramziu.pl/phpBB/styles/hawiki/theme/images/sticky_unread_locked_mine.html]
[gramziu.pl/phpBB/styles/hawiki/theme/images/announce_read.svg]
[gramziu.pl/phpBB/styles/hawiki/theme/images/announce_unread.svg]
[gramziu.pl/phpBB/styles/hawiki/theme/images/announce_read_mine.svg]
[gramziu.pl/phpBB/styles/hawiki/theme/images/announce_read_locked.html]
[gramziu.pl/phpBB/styles/hawiki/theme/images/announce_read_locked_mine.html]
[gramziu.pl/phpBB/styles/hawiki/theme/images/announce_unread_mine.svg]
[gramziu.pl/phpBB/styles/hawiki/theme/images/announce_unread_locked.html]
[gramziu.pl/phpBB/styles/hawiki/theme/images/announce_unread_locked_mine.html]
[gramziu.pl/phpBB/styles/hawiki/theme/images/subforum_read.html]
[gramziu.pl/phpBB/styles/hawiki/theme/images/subforum_unread.html]
[gramziu.pl/phpBB/styles/hawiki/theme/chosen-sprite.html]
[gramziu.pl/phpBB/styles/hawiki/theme/chosen-sprite@2x.html]
[gramziu.pl/phpBB/styles/hawiki/theme/images/icon_back_top.html]
[gramziu.pl/phpBB/search.html]
[gramziu.pl/phpBB/viewtopicb748.html]
[gramziu.pl/phpBB/viewtopicbc7c.html]
[gramziu.pl/phpBB/viewtopicc74e.html]
[gramziu.pl/phpBB/viewtopicb789.html]
[gramziu.pl/phpBB/viewtopic5afc.html]
[gramziu.pl/phpBB/viewtopic269e.html]
[gramziu.pl/phpBB/ucp226b.html]
[gramziu.pl/phpBB/ucp4d86.html]
[gramziu.pl/phpBB/viewtopica11a.html]
[gramziu.pl/phpBB/viewtopic54d4.html]
[gramziu.pl/phpBB/postingd382.html]
[gramziu.pl/phpBB/styles/hawiki/theme/print.css]
[gramziu.pl/phpBB/viewtopice2dc.html]
[gramziu.pl/phpBB/search6232.html]
[gramziu.pl/phpBB/viewtopicaae4.html]
[gramziu.pl/phpBB/viewtopiccace.html]
[gramziu.pl/phpBB/viewtopicda3a.html]
[gramziu.pl/phpBB/viewtopic0d1a.html]
[gramziu.pl/phpBB/viewtopic079f.html]
[gramziu.pl/phpBB/viewtopicda5e.html]
[gramziu.pl/phpBB/viewtopic8db4.html]
[gramziu.pl/phpBB/viewtopic6cdc.html]
[gramziu.pl/phpBB/viewtopice2d7.html]
[gramziu.pl/phpBB/searchc6b0.html]
[gramziu.pl/phpBB/viewtopic4a7b.html]
[gramziu.pl/phpBB/viewtopic0c15.html]
[gramziu.pl/phpBB/viewtopicba18.html]
[gramziu.pl/phpBB/viewtopicadd3.html]
[gramziu.pl/phpBB/viewtopic3da2.html]
[gramziu.pl/phpBB/viewtopic9a48.html]
[gramziu.pl/phpBB/viewtopicd7d3.html]
[gramziu.pl/phpBB/viewtopic3822.html]
[gramziu.pl/phpBB/viewtopicd18d.html]
[gramziu.pl/phpBB/searchf6e1.html]
[gramziu.pl/phpBB/viewtopic19a4.html]
[gramziu.pl/phpBB/viewtopic6985.html]
[gramziu.pl/phpBB/viewtopicf7ad.html]
[gramziu.pl/phpBB/viewtopic0e09.html]
[gramziu.pl/phpBB/viewtopicd0ad.html]
[gramziu.pl/phpBB/viewtopic66ca.html]
[gramziu.pl/phpBB/viewtopicc88b.html]
[gramziu.pl/phpBB/viewtopic40cd.html]
[gramziu.pl/phpBB/viewtopic819a.html]
[gramziu.pl/phpBB/viewtopic33fa.html]
[gramziu.pl/phpBB/viewtopic4c97.html]
[gramziu.pl/phpBB/searchc8e8.html]
[gramziu.pl/phpBB/viewtopic8d81.html]
[gramziu.pl/phpBB/viewtopicc011.html]
[gramziu.pl/phpBB/viewtopic6161.html]
[gramziu.pl/phpBB/viewtopicb161.html]
[gramziu.pl/phpBB/viewtopic491e.html]
[gramziu.pl/phpBB/viewtopiccd40.html]
[gramziu.pl/phpBB/viewtopic6041.html]
[gramziu.pl/phpBB/searchaaf0.html]
[gramziu.pl/phpBB/search01ca.html]
[gramziu.pl/phpBB/viewtopic2d72.html]
[gramziu.pl/phpBB/viewtopic8c85.html]
[gramziu.pl/phpBB/viewtopic3d3a.html]
[gramziu.pl/phpBB/viewtopic597b.html]
[gramziu.pl/phpBB/viewtopicd264.html]
[gramziu.pl/phpBB/viewtopic5273.html]
[gramziu.pl/phpBB/viewtopice1e9.html]
[gramziu.pl/phpBB/viewtopicbe5c.html]
[gramziu.pl/phpBB/viewtopic0782.html]
[gramziu.pl/phpBB/postingbe5e.html]
[gramziu.pl/phpBB/viewtopic70cc.html]
[gramziu.pl/phpBB/viewtopicd9fc.html]
[gramziu.pl/phpBB/viewtopic99d9-2.html]
[gramziu.pl/phpBB/posting8251.html]
[gramziu.pl/phpBB/posting05b6.html]
[gramziu.pl/phpBB/posting25e1.html]
[gramziu.pl/phpBB/viewtopicd669.html]
[gramziu.pl/phpBB/viewtopic8f9d.html]
[gramziu.pl/phpBB/viewtopicbc7a.html]
[gramziu.pl/phpBB/viewtopicfb77.html]
[gramziu.pl/phpBB/posting3e13.html]
[gramziu.pl/phpBB/posting881d.html]
[gramziu.pl/phpBB/posting5a5c.html]
[gramziu.pl/phpBB/postingc89e.html]
[gramziu.pl/phpBB/posting7882.html]
[gramziu.pl/phpBB/posting2915.html]
[gramziu.pl/phpBB/viewtopic5a72.html]
[gramziu.pl/phpBB/indexad5a.html]
[gramziu.pl/phpBB/viewtopic47c0.html]
[gramziu.pl/phpBB/viewtopicb50f.html]
[gramziu.pl/phpBB/posting1e31.html]
[gramziu.pl/phpBB/viewtopic5831.html]
[gramziu.pl/phpBB/posting4f58.html]
[gramziu.pl/phpBB/viewtopic341b.html]
[gramziu.pl/phpBB/posting9dfd.html]
[gramziu.pl/phpBB/viewtopic3965.html]
[gramziu.pl/phpBB/postingcbac.html]
[gramziu.pl/phpBB/viewtopic0345.html]
[gramziu.pl/phpBB/posting8444.html]
[gramziu.pl/phpBB/viewtopic40a0.html]
[gramziu.pl/phpBB/posting6a0e.html]
[gramziu.pl/phpBB/viewtopic2cf9.html]
[gramziu.pl/phpBB/posting43b8.html]
[gramziu.pl/phpBB/viewtopic970c.html]
[gramziu.pl/phpBB/posting9afb.html]
[gramziu.pl/phpBB/viewtopic88b9.html]
[gramziu.pl/phpBB/posting118e.html]
[gramziu.pl/phpBB/viewtopic1c4a.html]
[gramziu.pl/phpBB/postingdde8.html]
[gramziu.pl/phpBB/viewtopic3c55.html]
[gramziu.pl/phpBB/viewtopic5609.html]
[gramziu.pl/phpBB/viewtopicfa4a.html]
[gramziu.pl/phpBB/postingeaa8.html]
[gramziu.pl/phpBB/viewtopic9cd7.html]
[gramziu.pl/phpBB/postingec29.html]
[gramziu.pl/phpBB/viewtopic5643.html]
[gramziu.pl/phpBB/posting629f.html]
[gramziu.pl/phpBB/viewtopicc7e3.html]
[gramziu.pl/phpBB/postingb155.html]
[gramziu.pl/phpBB/viewtopic6c46.html]
[gramziu.pl/phpBB/postingd778.html]
[gramziu.pl/phpBB/viewtopicdd23.html]
[gramziu.pl/phpBB/posting030c.html]
[gramziu.pl/phpBB/viewtopic1e7e.html]
[gramziu.pl/phpBB/posting1e88.html]
[gramziu.pl/phpBB/viewtopic5c90.html]
[gramziu.pl/phpBB/postingddef.html]
[gramziu.pl/phpBB/viewtopic0d0b.html]
[gramziu.pl/phpBB/posting5720.html]
[gramziu.pl/phpBB/viewtopic4837.html]
[gramziu.pl/phpBB/posting11bd.html]
[gramziu.pl/phpBB/viewtopicb93f.html]
[gramziu.pl/phpBB/viewtopic8635.html]
[gramziu.pl/phpBB/viewtopic62ad.html]
[gramziu.pl/phpBB/posting6f61.html]
[gramziu.pl/phpBB/viewtopicba52.html]
[gramziu.pl/phpBB/posting3547.html]
[gramziu.pl/phpBB/viewtopic3ba0.html]
[gramziu.pl/phpBB/posting3784.html]
[gramziu.pl/phpBB/viewtopiccbb6.html]
[gramziu.pl/phpBB/postingc92e.html]
[gramziu.pl/phpBB/viewtopicfbd5.html]
[gramziu.pl/phpBB/postingfc86.html]
[gramziu.pl/phpBB/viewtopic4170.html]
[gramziu.pl/phpBB/postinga5b3.html]
[gramziu.pl/phpBB/viewtopic49b1.html]
[gramziu.pl/phpBB/postingd7dd.html]
[gramziu.pl/phpBB/viewtopic8054.html]
[gramziu.pl/phpBB/posting0ccf.html]
[gramziu.pl/phpBB/viewtopic2cce.html]
[gramziu.pl/phpBB/postingb5d3.html]
[gramziu.pl/phpBB/viewtopice2dc.html]
[gramziu.pl/phpBB/search6232.html]
[gramziu.pl/phpBB/viewtopicaae4.html]
[gramziu.pl/phpBB/viewtopiccace.html]
[gramziu.pl/phpBB/viewtopicda3a.html]
[gramziu.pl/phpBB/viewtopic0d1a.html]
[gramziu.pl/phpBB/viewtopic079f.html]
[gramziu.pl/phpBB/viewtopicda5e.html]
[gramziu.pl/phpBB/viewtopic8db4.html]
[gramziu.pl/phpBB/viewtopic6cdc.html]
[gramziu.pl/phpBB/viewtopice2d7.html]
[gramziu.pl/phpBB/viewtopic4a7b.html]
[gramziu.pl/phpBB/viewtopic0c15.html]
[gramziu.pl/phpBB/viewtopicba18.html]
[gramziu.pl/phpBB/viewtopicadd3.html]
[gramziu.pl/phpBB/viewtopic3da2.html]
[gramziu.pl/phpBB/viewtopic9a48.html]
[gramziu.pl/phpBB/viewtopicd7d3.html]
[gramziu.pl/phpBB/viewtopic3822.html]
[gramziu.pl/phpBB/viewtopicd18d.html]
[gramziu.pl/phpBB/viewtopic19a4.html]
[gramziu.pl/phpBB/viewtopic6985.html]
[gramziu.pl/phpBB/viewtopicf7ad.html]
[gramziu.pl/phpBB/viewtopic0e09.html]
[gramziu.pl/phpBB/viewtopicd0ad.html]
[gramziu.pl/phpBB/viewtopic66ca.html]
[gramziu.pl/phpBB/viewtopicc88b.html]
[gramziu.pl/phpBB/viewtopic40cd.html]
[gramziu.pl/phpBB/viewtopic819a.html]
[gramziu.pl/phpBB/viewtopic33fa.html]
[gramziu.pl/phpBB/viewtopic4c97.html]
[gramziu.pl/phpBB/viewtopic8d81.html]
[gramziu.pl/phpBB/viewtopicc011.html]
[gramziu.pl/phpBB/viewtopic6161.html]
[gramziu.pl/phpBB/viewtopicb161.html]
[gramziu.pl/phpBB/viewtopic491e.html]
[gramziu.pl/phpBB/viewtopiccd40.html]
[gramziu.pl/phpBB/viewtopic6041.html]
[gramziu.pl/phpBB/viewtopic5a72.html]
[gramziu.pl/phpBB/index6253.html]
[gramziu.pl/phpBB/index6253.html]
[gramziu.pl/phpBB/index9619.html]
[gramziu.pl/phpBB/index9619.html]
[gramziu.pl/phpBB/index423b.html]
[gramziu.pl/phpBB/index423b.html]
[gramziu.pl/phpBB/indexcfb2.html]
[gramziu.pl/phpBB/indexcfb2.html]
[gramziu.pl/phpBB/index6c37.html]
[gramziu.pl/phpBB/index6c37.html]
[gramziu.pl/phpBB/index2ba7.html]
[gramziu.pl/phpBB/index2ba7.html]
[gramziu.pl/phpBB/indexeb4e.html]
[gramziu.pl/phpBB/indexeb4e.html]
[gramziu.pl/phpBB/index94be.html]
[gramziu.pl/phpBB/index94be.html]
[gramziu.pl/phpBB/index1c33.html]
[gramziu.pl/phpBB/index1c33.html]
[gramziu.pl/phpBB/index6e58.html]
[gramziu.pl/phpBB/index6e58.html]
[gramziu.pl/phpBB/indexa266.html]
[gramziu.pl/phpBB/indexa266.html]
[gramziu.pl/phpBB/index12b5.html]
[gramziu.pl/phpBB/index12b5.html]
[gramziu.pl/phpBB/indexa5b8.html]
[gramziu.pl/phpBB/indexa5b8.html]
[gramziu.pl/phpBB/indexff7f.html]
[gramziu.pl/phpBB/indexff7f.html]
[gramziu.pl/phpBB/index18a6.html]
[gramziu.pl/phpBB/index18a6.html]
[gramziu.pl/phpBB/indexf8ec.html]
[gramziu.pl/phpBB/indexf8ec.html]
[gramziu.pl/phpBB/indexe83e.html]
[gramziu.pl/phpBB/indexe83e.html]
[gramziu.pl/phpBB/indexef84.html]
[gramziu.pl/phpBB/indexef84.html]
[gramziu.pl/phpBB/index5ee4.html]
[gramziu.pl/phpBB/index5ee4.html]
[gramziu.pl/phpBB/indexe048.html]
[gramziu.pl/phpBB/indexe048.html]
[gramziu.pl/phpBB/indexb838.html]
[gramziu.pl/phpBB/indexb838.html]
[gramziu.pl/phpBB/indexd56f.html]
[gramziu.pl/phpBB/indexd56f.html]
[gramziu.pl/phpBB/indexb2dd.html]
[gramziu.pl/phpBB/indexb2dd.html]
[gramziu.pl/phpBB/index04a1.html]
[gramziu.pl/phpBB/index04a1.html]
[gramziu.pl/phpBB/index4b7f.html]
[gramziu.pl/phpBB/index4b7f.html]
[gramziu.pl/phpBB/index4bf1.html]
[gramziu.pl/phpBB/index4bf1.html]
[gramziu.pl/phpBB/index149c.html]
[gramziu.pl/phpBB/index149c.html]
[gramziu.pl/phpBB/indexa36b.html]
[gramziu.pl/phpBB/indexa36b.html]
[gramziu.pl/phpBB/index85f8.html]
[gramziu.pl/phpBB/index85f8.html]
[gramziu.pl/phpBB/index0bf2.html]
[gramziu.pl/phpBB/index0bf2.html]
[gramziu.pl/phpBB/index986d.html]
[gramziu.pl/phpBB/index986d.html]
[gramziu.pl/phpBB/indexa4cd.html]
[gramziu.pl/phpBB/indexa4cd.html]
[gramziu.pl/phpBB/index19bd.html]
[gramziu.pl/phpBB/index19bd.html]
[gramziu.pl/phpBB/index68c0.html]
[gramziu.pl/phpBB/index68c0.html]
[gramziu.pl/phpBB/index78b0.html]
[gramziu.pl/phpBB/index78b0.html]
[gramziu.pl/phpBB/index8799.html]
[gramziu.pl/phpBB/index8799.html]
[gramziu.pl/phpBB/index16bb.html]
[gramziu.pl/phpBB/index16bb.html]
[gramziu.pl/phpBB/index40a1.html]
[gramziu.pl/phpBB/index40a1.html]
[gramziu.pl/phpBB/index5f3c.html]
[gramziu.pl/phpBB/index5f3c.html]
[gramziu.pl/phpBB/index86a2.html]
[gramziu.pl/phpBB/index86a2.html]
[gramziu.pl/phpBB/index7413.html]
[gramziu.pl/phpBB/index7413.html]
[gramziu.pl/phpBB/indexb46d.html]
[gramziu.pl/phpBB/indexb46d.html]
[gramziu.pl/phpBB/index44a1.html]
[gramziu.pl/phpBB/index44a1.html]
[gramziu.pl/phpBB/index6f11.html]
[gramziu.pl/phpBB/index6f11.html]
[gramziu.pl/phpBB/index2d76.html]
[gramziu.pl/phpBB/index2d76.html]
[gramziu.pl/phpBB/index84a2.html]
[gramziu.pl/phpBB/index84a2.html]
[gramziu.pl/phpBB/indexd7da.html]
[gramziu.pl/phpBB/indexd7da.html]
[gramziu.pl/phpBB/index73a8.html]
[gramziu.pl/phpBB/index73a8.html]
[gramziu.pl/phpBB/index4e8c.html]
[gramziu.pl/phpBB/index4e8c.html]
[gramziu.pl/phpBB/index2da9.html]
[gramziu.pl/phpBB/index2da9.html]
[gramziu.pl/phpBB/index7e74.html]
[gramziu.pl/phpBB/index7e74.html]
[gramziu.pl/phpBB/index1df1.html]
[gramziu.pl/phpBB/index1df1.html]
[gramziu.pl/phpBB/indexda72.html]
[gramziu.pl/phpBB/indexda72.html]
[gramziu.pl/phpBB/index0bd2.html]
[gramziu.pl/phpBB/index0bd2.html]
[gramziu.pl/phpBB/index92c8.html]
[gramziu.pl/phpBB/index92c8.html]
[gramziu.pl/phpBB/indexd4b0.html]
[gramziu.pl/phpBB/indexd4b0.html]
[gramziu.pl/phpBB/index48ee.html]
[gramziu.pl/phpBB/index48ee.html]
[gramziu.pl/phpBB/index432f.html]
[gramziu.pl/phpBB/index432f.html]
[gramziu.pl/phpBB/index4622.html]
[gramziu.pl/phpBB/index4622.html]
[gramziu.pl/phpBB/index1fcc.html]
[gramziu.pl/phpBB/index1fcc.html]
[gramziu.pl/phpBB/indexd9ae.html]
[gramziu.pl/phpBB/indexd9ae.html]
[gramziu.pl/phpBB/index0a6c.html]
[gramziu.pl/phpBB/index0a6c.html]
[gramziu.pl/phpBB/indexea71.html]
[gramziu.pl/phpBB/indexea71.html]
[gramziu.pl/phpBB/indexfc04.html]
[gramziu.pl/phpBB/indexfc04.html]
[gramziu.pl/phpBB/indexc0ea.html]
[gramziu.pl/phpBB/indexc0ea.html]
[gramziu.pl/phpBB/index1104.html]
[gramziu.pl/phpBB/index1104.html]
[gramziu.pl/phpBB/indexbc09.html]
[gramziu.pl/phpBB/indexbc09.html]
[gramziu.pl/phpBB/index35df.html]
[gramziu.pl/phpBB/index35df.html]
[gramziu.pl/phpBB/index42a6.html]
[gramziu.pl/phpBB/index42a6.html]
[gramziu.pl/phpBB/index57ee.html]
[gramziu.pl/phpBB/index57ee.html]
[gramziu.pl/phpBB/index0583.html]
[gramziu.pl/phpBB/index0583.html]
[gramziu.pl/phpBB/index8e9a.html]
[gramziu.pl/phpBB/index8e9a.html]
[gramziu.pl/phpBB/index728e.html]
[gramziu.pl/phpBB/index728e.html]
[gramziu.pl/phpBB/index919f.html]
[gramziu.pl/phpBB/index919f.html]
[gramziu.pl/phpBB/indexbf58.html]
[gramziu.pl/phpBB/indexbf58.html]
[gramziu.pl/phpBB/indexf6c5.html]
[gramziu.pl/phpBB/indexf6c5.html]
[gramziu.pl/phpBB/index1cb4.html]
[gramziu.pl/phpBB/index1cb4.html]
